Archive member included because of file (symbol)

C:\Users\nova\AppData\Local\arduino15\packages\arduino\hardware\sam\1.6.9\variants\arduino_due_x/libsam_sam3x8e_gcc_rel.a(pio.o)
                              C:\Users\nova\AppData\Local\Temp\VMBuilds\vs_impact02\arduino_due_x_dbg\Debug\variant\variant.cpp.o (PIO_Configure)
C:\Users\nova\AppData\Local\arduino15\packages\arduino\hardware\sam\1.6.9\variants\arduino_due_x/libsam_sam3x8e_gcc_rel.a(pmc.o)
                              C:\Users\nova\AppData\Local\Temp\VMBuilds\vs_impact02\arduino_due_x_dbg\Debug\variant\variant.cpp.o (pmc_enable_periph_clk)
C:\Users\nova\AppData\Local\arduino15\packages\arduino\hardware\sam\1.6.9\variants\arduino_due_x/libsam_sam3x8e_gcc_rel.a(system_sam3xa.o)
                              C:\Users\nova\AppData\Local\Temp\VMBuilds\vs_impact02\arduino_due_x_dbg\Debug\variant\variant.cpp.o (SystemInit)
C:\Users\nova\AppData\Local\arduino15\packages\arduino\hardware\sam\1.6.9\variants\arduino_due_x/libsam_sam3x8e_gcc_rel.a(startup_sam3xa.o)
                              (Reset_Handler)
C:\Users\nova\AppData\Local\arduino15\packages\arduino\hardware\sam\1.6.9\variants\arduino_due_x/libsam_sam3x8e_gcc_rel.a(adc.o)
                              C:\Users\nova\AppData\Local\Temp\VMBuilds\vs_impact02\arduino_due_x_dbg\Debug\variant\variant.cpp.o (adc_init)
C:\Users\nova\AppData\Local\arduino15\packages\arduino\hardware\sam\1.6.9\variants\arduino_due_x/libsam_sam3x8e_gcc_rel.a(uotghs.o)
                              C:\Users\nova\AppData\Local\arduino15\packages\arduino\hardware\sam\1.6.9\variants\arduino_due_x/libsam_sam3x8e_gcc_rel.a(startup_sam3xa.o) (UOTGHS_Handler)
C:\Users\nova\AppData\Local\Temp\VMBuilds\vs_impact02\arduino_due_x_dbg\Debug/core.a(cortex_handlers.c.o)
                              C:\Users\nova\AppData\Local\arduino15\packages\arduino\hardware\sam\1.6.9\variants\arduino_due_x/libsam_sam3x8e_gcc_rel.a(startup_sam3xa.o) (NMI_Handler)
C:\Users\nova\AppData\Local\Temp\VMBuilds\vs_impact02\arduino_due_x_dbg\Debug/core.a(hooks.c.o)
                              C:\Users\nova\AppData\Local\Temp\VMBuilds\vs_impact02\arduino_due_x_dbg\Debug/core.a(cortex_handlers.c.o) (sysTickHook)
C:\Users\nova\AppData\Local\Temp\VMBuilds\vs_impact02\arduino_due_x_dbg\Debug/core.a(syscalls_sam3.c.o)
                              (_sbrk)
C:\Users\nova\AppData\Local\Temp\VMBuilds\vs_impact02\arduino_due_x_dbg\Debug/core.a(wiring.c.o)
                              C:\Users\nova\AppData\Local\Temp\VMBuilds\vs_impact02\arduino_due_x_dbg\Debug\vs_impact02.cpp.o (millis)
C:\Users\nova\AppData\Local\Temp\VMBuilds\vs_impact02\arduino_due_x_dbg\Debug/core.a(wiring_analog.c.o)
                              C:\Users\nova\AppData\Local\Temp\VMBuilds\vs_impact02\arduino_due_x_dbg\Debug\variant\variant.cpp.o (analogOutputInit)
C:\Users\nova\AppData\Local\Temp\VMBuilds\vs_impact02\arduino_due_x_dbg\Debug/core.a(wiring_digital.c.o)
                              C:\Users\nova\AppData\Local\Temp\VMBuilds\vs_impact02\arduino_due_x_dbg\Debug/core.a(wiring_analog.c.o) (pinMode)
C:\Users\nova\AppData\Local\Temp\VMBuilds\vs_impact02\arduino_due_x_dbg\Debug/core.a(main.cpp.o)
                              c:/users/nova/appdata/local/arduino15/packages/arduino/tools/arm-none-eabi-gcc/4.8.3-2014q1/bin/../lib/gcc/arm-none-eabi/4.8.3/../../../../arm-none-eabi/lib/armv7-m/crt0.o (main)
C:\Users\nova\AppData\Local\Temp\VMBuilds\vs_impact02\arduino_due_x_dbg\Debug/core.a(Print.cpp.o)
                              C:\Users\nova\AppData\Local\Temp\VMBuilds\vs_impact02\arduino_due_x_dbg\Debug\vs_impact02.cpp.o (Print::print(char const*))
C:\Users\nova\AppData\Local\Temp\VMBuilds\vs_impact02\arduino_due_x_dbg\Debug/core.a(Reset.cpp.o)
                              C:\Users\nova\AppData\Local\Temp\VMBuilds\vs_impact02\arduino_due_x_dbg\Debug/core.a(cortex_handlers.c.o) (tickReset)
C:\Users\nova\AppData\Local\Temp\VMBuilds\vs_impact02\arduino_due_x_dbg\Debug/core.a(RingBuffer.cpp.o)
                              C:\Users\nova\AppData\Local\Temp\VMBuilds\vs_impact02\arduino_due_x_dbg\Debug\variant\variant.cpp.o (RingBuffer::RingBuffer())
C:\Users\nova\AppData\Local\Temp\VMBuilds\vs_impact02\arduino_due_x_dbg\Debug/core.a(UARTClass.cpp.o)
                              C:\Users\nova\AppData\Local\Temp\VMBuilds\vs_impact02\arduino_due_x_dbg\Debug\variant\variant.cpp.o (UARTClass::available())
C:\Users\nova\AppData\Local\Temp\VMBuilds\vs_impact02\arduino_due_x_dbg\Debug/core.a(USARTClass.cpp.o)
                              C:\Users\nova\AppData\Local\Temp\VMBuilds\vs_impact02\arduino_due_x_dbg\Debug\variant\variant.cpp.o (USARTClass::USARTClass(Usart*, IRQn, unsigned long, RingBuffer*, RingBuffer*))
C:\Users\nova\AppData\Local\Temp\VMBuilds\vs_impact02\arduino_due_x_dbg\Debug/core.a(watchdog.cpp.o)
                              C:\Users\nova\AppData\Local\Temp\VMBuilds\vs_impact02\arduino_due_x_dbg\Debug/core.a(main.cpp.o) (watchdogSetup())
[...]
Memory Configuration

Name             Origin             Length             Attributes
rom              0x00080000         0x00080000         xr
sram0            0x20000000         0x00010000         xrw
sram1            0x20080000         0x00008000         xrw
ram              0x20070000         0x00018000         xrw
*default*        0x00000000         0xffffffff

Linker script and memory map

LOAD c:/users/nova/appdata/local/arduino15/packages/arduino/tools/arm-none-eabi-gcc/4.8.3-2014q1/bin/../lib/gcc/arm-none-eabi/4.8.3/armv7-m/crti.o
LOAD c:/users/nova/appdata/local/arduino15/packages/arduino/tools/arm-none-eabi-gcc/4.8.3-2014q1/bin/../lib/gcc/arm-none-eabi/4.8.3/armv7-m/crtbegin.o
LOAD c:/users/nova/appdata/local/arduino15/packages/arduino/tools/arm-none-eabi-gcc/4.8.3-2014q1/bin/../lib/gcc/arm-none-eabi/4.8.3/../../../../arm-none-eabi/lib/armv7-m/crt0.o
START GROUP
LOAD C:\Users\nova\AppData\Local\Temp\VMBuilds\vs_impact02\arduino_due_x_dbg\Debug\vs_impact02.cpp.o
LOAD C:\Users\nova\AppData\Local\Temp\VMBuilds\vs_impact02\arduino_due_x_dbg\Debug\SimpleTimer-master\SimpleTimer.cpp.o
LOAD C:\Users\nova\AppData\Local\Temp\VMBuilds\vs_impact02\arduino_due_x_dbg\Debug\VM_DBG\VM_DBG.cpp.o
LOAD C:\Users\nova\AppData\Local\Temp\VMBuilds\vs_impact02\arduino_due_x_dbg\Debug\VM_DBG\VM_mem_check_sam.cpp.o
LOAD C:\Users\nova\AppData\Local\Temp\VMBuilds\vs_impact02\arduino_due_x_dbg\Debug\variant\variant.cpp.o
LOAD C:\Users\nova\AppData\Local\arduino15\packages\arduino\hardware\sam\1.6.9\variants\arduino_due_x/libsam_sam3x8e_gcc_rel.a
LOAD C:\Users\nova\AppData\Local\Temp\VMBuilds\vs_impact02\arduino_due_x_dbg\Debug/core.a
END GROUP
LOAD c:/users/nova/appdata/local/arduino15/packages/arduino/tools/arm-none-eabi-gcc/4.8.3-2014q1/bin/../lib/gcc/arm-none-eabi/4.8.3/../../../../arm-none-eabi/lib/armv7-m\libm.a
START GROUP
LOAD c:/users/nova/appdata/local/arduino15/packages/arduino/tools/arm-none-eabi-gcc/4.8.3-2014q1/bin/../lib/gcc/arm-none-eabi/4.8.3/armv7-m\libgcc.a
LOAD c:/users/nova/appdata/local/arduino15/packages/arduino/tools/arm-none-eabi-gcc/4.8.3-2014q1/bin/../lib/gcc/arm-none-eabi/4.8.3/../../../../arm-none-eabi/lib/armv7-m\libg.a
LOAD c:/users/nova/appdata/local/arduino15/packages/arduino/tools/arm-none-eabi-gcc/4.8.3-2014q1/bin/../lib/gcc/arm-none-eabi/4.8.3/../../../../arm-none-eabi/lib/armv7-m\libc.a
END GROUP
LOAD c:/users/nova/appdata/local/arduino15/packages/arduino/tools/arm-none-eabi-gcc/4.8.3-2014q1/bin/../lib/gcc/arm-none-eabi/4.8.3/armv7-m/crtend.o
LOAD c:/users/nova/appdata/local/arduino15/packages/arduino/tools/arm-none-eabi-gcc/4.8.3-2014q1/bin/../lib/gcc/arm-none-eabi/4.8.3/armv7-m/crtn.o

.text           0x00080000     0x5948
                0x00080000                . = ALIGN (0x4)
                0x00080000                _sfixed = .
 *(.vectors .vectors.*)
 .vectors       0x00080000       0xf4 C:\Users\nova\AppData\Local\arduino15\packages\arduino\hardware\sam\1.6.9\variants\arduino_due_x/libsam_sam3x8e_gcc_rel.a(startup_sam3xa.o)
                0x00080000                exception_table
 *(.text .text.* .gnu.linkonce.t.*)
 .text          0x000800f4       0x54 c:/users/nova/appdata/local/arduino15/packages/arduino/tools/arm-none-eabi-gcc/4.8.3-2014q1/bin/../lib/gcc/arm-none-eabi/4.8.3/armv7-m/crtbegin.o
 .text.setup    0x00080148       0x54 C:\Users\nova\AppData\Local\Temp\VMBuilds\vs_impact02\arduino_due_x_dbg\Debug\vs_impact02.cpp.o
                0x00080148                setup
 .text.loop     0x0008019c       0x98 C:\Users\nova\AppData\Local\Temp\VMBuilds\vs_impact02\arduino_due_x_dbg\Debug\vs_impact02.cpp.o
                0x0008019c                loop
 .text._ZN16VisualMicroDebug10DBG_MillisEv
                0x00080234        0x4 C:\Users\nova\AppData\Local\Temp\VMBuilds\vs_impact02\arduino_due_x_dbg\Debug\VM_DBG\VM_DBG.cpp.o
                0x00080234                VisualMicroDebug::DBG_Millis()
 .text._ZN16VisualMicroDebug17OnBreakPointBeginEm
                0x00080238       0x16 C:\Users\nova\AppData\Local\Temp\VMBuilds\vs_impact02\arduino_due_x_dbg\Debug\VM_DBG\VM_DBG.cpp.o
                0x00080238                VisualMicroDebug::OnBreakPointBegin(unsigned long)
 *fill*         0x0008024e        0x2 
 .text._ZN16VisualMicroDebug22OnBreakPointPrintBeginEh
                0x00080250       0x6c C:\Users\nova\AppData\Local\Temp\VMBuilds\vs_impact02\arduino_due_x_dbg\Debug\VM_DBG\VM_DBG.cpp.o
                0x00080250                VisualMicroDebug::OnBreakPointPrintBegin(unsigned char)
 .text._ZN16VisualMicroDebug20OnBreakPointPrintEndEv
                0x000802bc        0xc C:\Users\nova\AppData\Local\Temp\VMBuilds\vs_impact02\arduino_due_x_dbg\Debug\VM_DBG\VM_DBG.cpp.o
                0x000802bc                VisualMicroDebug::OnBreakPointPrintEnd()
 .text._ZN16VisualMicroDebug15OnBreakPointEndEv
                0x000802c8        0xc C:\Users\nova\AppData\Local\Temp\VMBuilds\vs_impact02\arduino_due_x_dbg\Debug\VM_DBG\VM_DBG.cpp.o
                0x000802c8                VisualMicroDebug::OnBreakPointEnd()
 .text._ZN16VisualMicroDebug14outPacketStartEb
                0x000802d4       0x24 C:\Users\nova\AppData\Local\Temp\VMBuilds\vs_impact02\arduino_due_x_dbg\Debug\VM_DBG\VM_DBG.cpp.o
                0x000802d4                VisualMicroDebug::outPacketStart(bool)
 .text._ZN16VisualMicroDebug12outPacketEndEv
                0x000802f8        0x2 C:\Users\nova\AppData\Local\Temp\VMBuilds\vs_impact02\arduino_due_x_dbg\Debug\VM_DBG\VM_DBG.cpp.o
                0x000802f8                VisualMicroDebug::outPacketEnd()
 .text._ZN16VisualMicroDebug4initEm
                0x000802fa       0x10 C:\Users\nova\AppData\Local\Temp\VMBuilds\vs_impact02\arduino_due_x_dbg\Debug\VM_DBG\VM_DBG.cpp.o
                0x000802fa                VisualMicroDebug::init(unsigned long)
 .text._ZN16VisualMicroDebug5beginEP9UARTClassm
                0x0008030a       0x10 C:\Users\nova\AppData\Local\Temp\VMBuilds\vs_impact02\arduino_due_x_dbg\Debug\VM_DBG\VM_DBG.cpp.o
                0x0008030a                VisualMicroDebug::begin(UARTClass*, unsigned long)
 .text._ZN16VisualMicroDebug4readEv
                0x0008031a        0xe C:\Users\nova\AppData\Local\Temp\VMBuilds\vs_impact02\arduino_due_x_dbg\Debug\VM_DBG\VM_DBG.cpp.o
                0x0008031a                VisualMicroDebug::read()
 .text._ZN16VisualMicroDebug9availableEv
                0x00080328        0xe C:\Users\nova\AppData\Local\Temp\VMBuilds\vs_impact02\arduino_due_x_dbg\Debug\VM_DBG\VM_DBG.cpp.o
                0x00080328                VisualMicroDebug::available()
 *fill*         0x00080336        0x2 
 .text._ZN16VisualMicroDebug16sendContinuedACKEh
                0x00080338       0x38 C:\Users\nova\AppData\Local\Temp\VMBuilds\vs_impact02\arduino_due_x_dbg\Debug\VM_DBG\VM_DBG.cpp.o
                0x00080338                VisualMicroDebug::sendContinuedACK(unsigned char)
 .text._ZN16VisualMicroDebug9breakWaitEh
                0x00080370       0x54 C:\Users\nova\AppData\Local\Temp\VMBuilds\vs_impact02\arduino_due_x_dbg\Debug\VM_DBG\VM_DBG.cpp.o
                0x00080370                VisualMicroDebug::breakWait(unsigned char)
 .text._ZN16VisualMicroDebug5startEbb
                0x000803c4       0x1e C:\Users\nova\AppData\Local\Temp\VMBuilds\vs_impact02\arduino_due_x_dbg\Debug\VM_DBG\VM_DBG.cpp.o
                0x000803c4                VisualMicroDebug::start(bool, bool)
 *fill*         0x000803e2        0x2 
 .text.startup._GLOBAL__sub_I__ZN16VisualMicroDebug10DBG_MillisEv
                0x000803e4       0x14 C:\Users\nova\AppData\Local\Temp\VMBuilds\vs_impact02\arduino_due_x_dbg\Debug\VM_DBG\VM_DBG.cpp.o
 .text._Z11serialEventv
                0x000803f8        0x2 C:\Users\nova\AppData\Local\Temp\VMBuilds\vs_impact02\arduino_due_x_dbg\Debug\variant\variant.cpp.o
                0x000803f8                serialEvent()
 *fill*         0x000803fa        0x2 
 .text.UART_Handler
                0x000803fc        0xc C:\Users\nova\AppData\Local\Temp\VMBuilds\vs_impact02\arduino_due_x_dbg\Debug\variant\variant.cpp.o
                0x000803fc                UART_Handler
 .text._Z12serialEvent1v
                0x00080408        0x2 C:\Users\nova\AppData\Local\Temp\VMBuilds\vs_impact02\arduino_due_x_dbg\Debug\variant\variant.cpp.o
                0x00080408                serialEvent1()
 .text._Z12serialEvent2v
                0x0008040a        0x2 C:\Users\nova\AppData\Local\Temp\VMBuilds\vs_impact02\arduino_due_x_dbg\Debug\variant\variant.cpp.o
                0x0008040a                serialEvent2()
 .text._Z12serialEvent3v
                0x0008040c        0x2 C:\Users\nova\AppData\Local\Temp\VMBuilds\vs_impact02\arduino_due_x_dbg\Debug\variant\variant.cpp.o
                0x0008040c                serialEvent3()
 *fill*         0x0008040e        0x2 
 .text.USART0_Handler
                0x00080410        0xc C:\Users\nova\AppData\Local\Temp\VMBuilds\vs_impact02\arduino_due_x_dbg\Debug\variant\variant.cpp.o
                0x00080410                USART0_Handler
 .text.USART1_Handler
                0x0008041c        0xc C:\Users\nova\AppData\Local\Temp\VMBuilds\vs_impact02\arduino_due_x_dbg\Debug\variant\variant.cpp.o
                0x0008041c                USART1_Handler
 .text.USART3_Handler
                0x00080428        0xc C:\Users\nova\AppData\Local\Temp\VMBuilds\vs_impact02\arduino_due_x_dbg\Debug\variant\variant.cpp.o
                0x00080428                USART3_Handler
 .text.init     0x00080434      0x128 C:\Users\nova\AppData\Local\Temp\VMBuilds\vs_impact02\arduino_due_x_dbg\Debug\variant\variant.cpp.o
                0x00080434                init
 .text.startup._GLOBAL__sub_I_g_APinDescription
                0x0008055c       0xd4 C:\Users\nova\AppData\Local\Temp\VMBuilds\vs_impact02\arduino_due_x_dbg\Debug\variant\variant.cpp.o
 .text._Z14serialEventRunv
                0x00080630       0x44 C:\Users\nova\AppData\Local\Temp\VMBuilds\vs_impact02\arduino_due_x_dbg\Debug\variant\variant.cpp.o
                0x00080630                serialEventRun()
 .text.PIO_PullUp
                0x00080674        0xa C:\Users\nova\AppData\Local\arduino15\packages\arduino\hardware\sam\1.6.9\variants\arduino_due_x/libsam_sam3x8e_gcc_rel.a(pio.o)
                0x00080674                PIO_PullUp
 .text.PIO_SetPeripheral
                0x0008067e       0x26 C:\Users\nova\AppData\Local\arduino15\packages\arduino\hardware\sam\1.6.9\variants\arduino_due_x/libsam_sam3x8e_gcc_rel.a(pio.o)
                0x0008067e                PIO_SetPeripheral
 .text.PIO_SetInput
                0x000806a4       0x26 C:\Users\nova\AppData\Local\arduino15\packages\arduino\hardware\sam\1.6.9\variants\arduino_due_x/libsam_sam3x8e_gcc_rel.a(pio.o)
                0x000806a4                PIO_SetInput
 .text.PIO_SetOutput
                0x000806ca       0x24 C:\Users\nova\AppData\Local\arduino15\packages\arduino\hardware\sam\1.6.9\variants\arduino_due_x/libsam_sam3x8e_gcc_rel.a(pio.o)
                0x000806ca                PIO_SetOutput
 *fill*         0x000806ee        0x2 
 .text.PIO_Configure
                0x000806f0       0x64 C:\Users\nova\AppData\Local\arduino15\packages\arduino\hardware\sam\1.6.9\variants\arduino_due_x/libsam_sam3x8e_gcc_rel.a(pio.o)
                0x000806f0                PIO_Configure
 .text.PIO_GetOutputDataStatus
                0x00080754       0x14 C:\Users\nova\AppData\Local\arduino15\packages\arduino\hardware\sam\1.6.9\variants\arduino_due_x/libsam_sam3x8e_gcc_rel.a(pio.o)
                0x00080754                PIO_GetOutputDataStatus
 .text.pmc_enable_upll_clock
                0x00080768       0x14 C:\Users\nova\AppData\Local\arduino15\packages\arduino\hardware\sam\1.6.9\variants\arduino_due_x/libsam_sam3x8e_gcc_rel.a(pmc.o)
                0x00080768                pmc_enable_upll_clock
 .text.pmc_enable_periph_clk
                0x0008077c       0x44 C:\Users\nova\AppData\Local\arduino15\packages\arduino\hardware\sam\1.6.9\variants\arduino_due_x/libsam_sam3x8e_gcc_rel.a(pmc.o)
                0x0008077c                pmc_enable_periph_clk
 .text.pmc_disable_periph_clk
                0x000807c0       0x40 C:\Users\nova\AppData\Local\arduino15\packages\arduino\hardware\sam\1.6.9\variants\arduino_due_x/libsam_sam3x8e_gcc_rel.a(pmc.o)
                0x000807c0                pmc_disable_periph_clk
 .text.pmc_switch_udpck_to_upllck
                0x00080800       0x14 C:\Users\nova\AppData\Local\arduino15\packages\arduino\hardware\sam\1.6.9\variants\arduino_due_x/libsam_sam3x8e_gcc_rel.a(pmc.o)
                0x00080800                pmc_switch_udpck_to_upllck
 .text.pmc_enable_udpck
                0x00080814        0xc C:\Users\nova\AppData\Local\arduino15\packages\arduino\hardware\sam\1.6.9\variants\arduino_due_x/libsam_sam3x8e_gcc_rel.a(pmc.o)
                0x00080814                pmc_enable_udpck
 .text.SystemInit
                0x00080820       0x88 C:\Users\nova\AppData\Local\arduino15\packages\arduino\hardware\sam\1.6.9\variants\arduino_due_x/libsam_sam3x8e_gcc_rel.a(system_sam3xa.o)
                0x00080820                SystemInit
 .text.Reset_Handler
                0x000808a8       0x78 C:\Users\nova\AppData\Local\arduino15\packages\arduino\hardware\sam\1.6.9\variants\arduino_due_x/libsam_sam3x8e_gcc_rel.a(startup_sam3xa.o)
                0x000808a8                Reset_Handler
 .text.adc_init
                0x00080920       0x98 C:\Users\nova\AppData\Local\arduino15\packages\arduino\hardware\sam\1.6.9\variants\arduino_due_x/libsam_sam3x8e_gcc_rel.a(adc.o)
                0x00080920                adc_init
 .text.adc_configure_trigger
                0x000809b8        0xe C:\Users\nova\AppData\Local\arduino15\packages\arduino\hardware\sam\1.6.9\variants\arduino_due_x/libsam_sam3x8e_gcc_rel.a(adc.o)
                0x000809b8                adc_configure_trigger
 .text.adc_configure_timing
                0x000809c6       0x1a C:\Users\nova\AppData\Local\arduino15\packages\arduino\hardware\sam\1.6.9\variants\arduino_due_x/libsam_sam3x8e_gcc_rel.a(adc.o)
                0x000809c6                adc_configure_timing
 .text.adc_disable_channel
                0x000809e0        0xa C:\Users\nova\AppData\Local\arduino15\packages\arduino\hardware\sam\1.6.9\variants\arduino_due_x/libsam_sam3x8e_gcc_rel.a(adc.o)
                0x000809e0                adc_disable_channel
 .text.adc_disable_all_channel
                0x000809ea        0x8 C:\Users\nova\AppData\Local\arduino15\packages\arduino\hardware\sam\1.6.9\variants\arduino_due_x/libsam_sam3x8e_gcc_rel.a(adc.o)
                0x000809ea                adc_disable_all_channel
 .text.adc_disable_interrupt
                0x000809f2        0x4 C:\Users\nova\AppData\Local\arduino15\packages\arduino\hardware\sam\1.6.9\variants\arduino_due_x/libsam_sam3x8e_gcc_rel.a(adc.o)
                0x000809f2                adc_disable_interrupt
 *fill*         0x000809f6        0x2 
 .text.UOTGHS_Handler
                0x000809f8       0x10 C:\Users\nova\AppData\Local\arduino15\packages\arduino\hardware\sam\1.6.9\variants\arduino_due_x/libsam_sam3x8e_gcc_rel.a(uotghs.o)
                0x000809f8                UOTGHS_Handler
 .text.__halt   0x00080a08        0x2 C:\Users\nova\AppData\Local\Temp\VMBuilds\vs_impact02\arduino_due_x_dbg\Debug/core.a(cortex_handlers.c.o)
                0x00080a08                DACC_Handler
                0x00080a08                DebugMon_Handler
                0x00080a08                DMAC_Handler
                0x00080a08                TRNG_Handler
                0x00080a08                HardFault_Handler
                0x00080a08                TC2_Handler
                0x00080a08                TWI1_Handler
                0x00080a08                NMI_Handler
                0x00080a08                TC7_Handler
                0x00080a08                ADC_Handler
                0x00080a08                SMC_Handler
                0x00080a08                RTT_Handler
                0x00080a08                EFC1_Handler
                0x00080a08                PIOB_Handler
                0x00080a08                RTC_Handler
                0x00080a08                UsageFault_Handler
                0x00080a08                TC6_Handler
                0x00080a08                WDT_Handler
                0x00080a08                CAN0_Handler
                0x00080a08                TC4_Handler
                0x00080a08                TC1_Handler
                0x00080a08                HSMCI_Handler
                0x00080a08                TC3_Handler
                0x00080a08                TWI0_Handler
                0x00080a08                PIOA_Handler
                0x00080a08                SSC_Handler
                0x00080a08                EFC0_Handler
                0x00080a08                PMC_Handler
                0x00080a08                PWM_Handler
                0x00080a08                CAN1_Handler
                0x00080a08                MemManage_Handler
                0x00080a08                SUPC_Handler
                0x00080a08                TC8_Handler
                0x00080a08                USART2_Handler
                0x00080a08                PIOD_Handler
                0x00080a08                EMAC_Handler
                0x00080a08                PIOC_Handler
                0x00080a08                BusFault_Handler
                0x00080a08                RSTC_Handler
                0x00080a08                TC0_Handler
                0x00080a08                TC5_Handler
                0x00080a08                SPI0_Handler
 .text.SVC_Handler
                0x00080a0a        0x4 C:\Users\nova\AppData\Local\Temp\VMBuilds\vs_impact02\arduino_due_x_dbg\Debug/core.a(cortex_handlers.c.o)
                0x00080a0a                SVC_Handler
 .text.PendSV_Handler
                0x00080a0e        0x4 C:\Users\nova\AppData\Local\Temp\VMBuilds\vs_impact02\arduino_due_x_dbg\Debug/core.a(cortex_handlers.c.o)
                0x00080a0e                PendSV_Handler
 .text.SysTick_Handler
                0x00080a12       0x16 C:\Users\nova\AppData\Local\Temp\VMBuilds\vs_impact02\arduino_due_x_dbg\Debug/core.a(cortex_handlers.c.o)
                0x00080a12                SysTick_Handler
 .text.__empty  0x00080a28        0x2 C:\Users\nova\AppData\Local\Temp\VMBuilds\vs_impact02\arduino_due_x_dbg\Debug/core.a(hooks.c.o)
                0x00080a28                yield
 .text.__false  0x00080a2a        0x4 C:\Users\nova\AppData\Local\Temp\VMBuilds\vs_impact02\arduino_due_x_dbg\Debug/core.a(hooks.c.o)
                0x00080a2a                sysTickHook
 .text.__halt   0x00080a2e        0x2 C:\Users\nova\AppData\Local\Temp\VMBuilds\vs_impact02\arduino_due_x_dbg\Debug/core.a(hooks.c.o)
                0x00080a2e                svcHook
                0x00080a2e                pendSVHook
 .text._sbrk    0x00080a30       0x1c C:\Users\nova\AppData\Local\Temp\VMBuilds\vs_impact02\arduino_due_x_dbg\Debug/core.a(syscalls_sam3.c.o)
                0x00080a30                _sbrk
 .text.link     0x00080a4c        0x6 C:\Users\nova\AppData\Local\Temp\VMBuilds\vs_impact02\arduino_due_x_dbg\Debug/core.a(syscalls_sam3.c.o)
                0x00080a4c                link
 .text._close   0x00080a52        0x6 C:\Users\nova\AppData\Local\Temp\VMBuilds\vs_impact02\arduino_due_x_dbg\Debug/core.a(syscalls_sam3.c.o)
                0x00080a52                _close
 .text._fstat   0x00080a58        0xa C:\Users\nova\AppData\Local\Temp\VMBuilds\vs_impact02\arduino_due_x_dbg\Debug/core.a(syscalls_sam3.c.o)
                0x00080a58                _fstat
 .text._isatty  0x00080a62        0x4 C:\Users\nova\AppData\Local\Temp\VMBuilds\vs_impact02\arduino_due_x_dbg\Debug/core.a(syscalls_sam3.c.o)
                0x00080a62                _isatty
 .text._lseek   0x00080a66        0x4 C:\Users\nova\AppData\Local\Temp\VMBuilds\vs_impact02\arduino_due_x_dbg\Debug/core.a(syscalls_sam3.c.o)
                0x00080a66                _lseek
 .text._read    0x00080a6a        0x4 C:\Users\nova\AppData\Local\Temp\VMBuilds\vs_impact02\arduino_due_x_dbg\Debug/core.a(syscalls_sam3.c.o)
                0x00080a6a                _read
 *fill*         0x00080a6e        0x2 
 .text._write   0x00080a70       0x24 C:\Users\nova\AppData\Local\Temp\VMBuilds\vs_impact02\arduino_due_x_dbg\Debug/core.a(syscalls_sam3.c.o)
                0x00080a70                _write
 .text._exit    0x00080a94       0x10 C:\Users\nova\AppData\Local\Temp\VMBuilds\vs_impact02\arduino_due_x_dbg\Debug/core.a(syscalls_sam3.c.o)
                0x00080a94                _exit
 .text._kill    0x00080aa4        0x2 C:\Users\nova\AppData\Local\Temp\VMBuilds\vs_impact02\arduino_due_x_dbg\Debug/core.a(syscalls_sam3.c.o)
                0x00080aa4                _kill
 .text._getpid  0x00080aa6        0x6 C:\Users\nova\AppData\Local\Temp\VMBuilds\vs_impact02\arduino_due_x_dbg\Debug/core.a(syscalls_sam3.c.o)
                0x00080aa6                _getpid
 .text.millis   0x00080aac        0x4 C:\Users\nova\AppData\Local\Temp\VMBuilds\vs_impact02\arduino_due_x_dbg\Debug/core.a(wiring.c.o)
                0x00080aac                millis
 .text.delay    0x00080ab0       0x1c C:\Users\nova\AppData\Local\Temp\VMBuilds\vs_impact02\arduino_due_x_dbg\Debug/core.a(wiring.c.o)
                0x00080ab0                delay
 .text.analogOutputInit
                0x00080acc        0x2 C:\Users\nova\AppData\Local\Temp\VMBuilds\vs_impact02\arduino_due_x_dbg\Debug/core.a(wiring_analog.c.o)
                0x00080acc                analogOutputInit
 *fill*         0x00080ace        0x2 
 .text.pinMode  0x00080ad0      0x108 C:\Users\nova\AppData\Local\Temp\VMBuilds\vs_impact02\arduino_due_x_dbg\Debug/core.a(wiring_digital.c.o)
                0x00080ad0                pinMode
 .text.digitalWrite
                0x00080bd8       0x70 C:\Users\nova\AppData\Local\Temp\VMBuilds\vs_impact02\arduino_due_x_dbg\Debug/core.a(wiring_digital.c.o)
                0x00080bd8                digitalWrite
 .text.initVariant
                0x00080c48        0x2 C:\Users\nova\AppData\Local\Temp\VMBuilds\vs_impact02\arduino_due_x_dbg\Debug/core.a(main.cpp.o)
                0x00080c48                initVariant
 *fill*         0x00080c4a        0x2 
 .text.startup.main
                0x00080c4c       0x38 C:\Users\nova\AppData\Local\Temp\VMBuilds\vs_impact02\arduino_due_x_dbg\Debug/core.a(main.cpp.o)
                0x00080c4c                main
 .text._ZN5Print5writeEPKhj
                0x00080c84       0x22 C:\Users\nova\AppData\Local\Temp\VMBuilds\vs_impact02\arduino_due_x_dbg\Debug/core.a(Print.cpp.o)
                0x00080c84                Print::write(unsigned char const*, unsigned int)
 .text._ZN5Print5printEmi.part.3
                0x00080ca6        0xc C:\Users\nova\AppData\Local\Temp\VMBuilds\vs_impact02\arduino_due_x_dbg\Debug/core.a(Print.cpp.o)
 .text._ZN5Print5writeEPKc
                0x00080cb2       0x1e C:\Users\nova\AppData\Local\Temp\VMBuilds\vs_impact02\arduino_due_x_dbg\Debug/core.a(Print.cpp.o)
                0x00080cb2                Print::write(char const*)
 .text._ZN5Print5printEPKc
                0x00080cd0        0x8 C:\Users\nova\AppData\Local\Temp\VMBuilds\vs_impact02\arduino_due_x_dbg\Debug/core.a(Print.cpp.o)
                0x00080cd0                Print::print(char const*)
 .text._ZN5Print7printlnEv
                0x00080cd8       0x10 C:\Users\nova\AppData\Local\Temp\VMBuilds\vs_impact02\arduino_due_x_dbg\Debug/core.a(Print.cpp.o)
                0x00080cd8                Print::println()
 .text._ZN5Print7printlnEPKc
                0x00080ce8       0x14 C:\Users\nova\AppData\Local\Temp\VMBuilds\vs_impact02\arduino_due_x_dbg\Debug/core.a(Print.cpp.o)
                0x00080ce8                Print::println(char const*)
 .text._ZN5Print11printNumberEmh
                0x00080cfc       0x3e C:\Users\nova\AppData\Local\Temp\VMBuilds\vs_impact02\arduino_due_x_dbg\Debug/core.a(Print.cpp.o)
                0x00080cfc                Print::printNumber(unsigned long, unsigned char)
 .text._ZN5Print5printEmi
                0x00080d3a        0xc C:\Users\nova\AppData\Local\Temp\VMBuilds\vs_impact02\arduino_due_x_dbg\Debug/core.a(Print.cpp.o)
                0x00080d3a                Print::print(unsigned long, int)
 .text._ZN5Print5printEhi
                0x00080d46        0x4 C:\Users\nova\AppData\Local\Temp\VMBuilds\vs_impact02\arduino_due_x_dbg\Debug/core.a(Print.cpp.o)
                0x00080d46                Print::print(unsigned char, int)
 *fill*         0x00080d4a        0x2 
 .text.initiateReset
                0x00080d4c        0xc C:\Users\nova\AppData\Local\Temp\VMBuilds\vs_impact02\arduino_due_x_dbg\Debug/core.a(Reset.cpp.o)
                0x00080d4c                initiateReset
 .text.cancelReset
                0x00080d58       0x10 C:\Users\nova\AppData\Local\Temp\VMBuilds\vs_impact02\arduino_due_x_dbg\Debug/core.a(Reset.cpp.o)
                0x00080d58                cancelReset
 .text.tickReset
                0x00080d68       0x20 C:\Users\nova\AppData\Local\Temp\VMBuilds\vs_impact02\arduino_due_x_dbg\Debug/core.a(Reset.cpp.o)
                0x00080d68                tickReset
 .text._ZN10RingBufferC2Ev
                0x00080d88       0x1a C:\Users\nova\AppData\Local\Temp\VMBuilds\vs_impact02\arduino_due_x_dbg\Debug/core.a(RingBuffer.cpp.o)
                0x00080d88                RingBuffer::RingBuffer()
                0x00080d88                RingBuffer::RingBuffer()
 .text._ZN10RingBuffer10store_charEh
                0x00080da2       0x1e C:\Users\nova\AppData\Local\Temp\VMBuilds\vs_impact02\arduino_due_x_dbg\Debug/core.a(RingBuffer.cpp.o)
                0x00080da2                RingBuffer::store_char(unsigned char)
 .text._ZN9UARTClasscvbEv
                0x00080dc0        0x4 C:\Users\nova\AppData\Local\Temp\VMBuilds\vs_impact02\arduino_due_x_dbg\Debug/core.a(UARTClass.cpp.o)
                0x00080dc0                UARTClass::operator bool()
 .text._ZN9UARTClass9availableEv
                0x00080dc4       0x12 C:\Users\nova\AppData\Local\Temp\VMBuilds\vs_impact02\arduino_due_x_dbg\Debug/core.a(UARTClass.cpp.o)
                0x00080dc4                UARTClass::available()
 .text._ZN9UARTClass4peekEv
                0x00080dd6       0x1c C:\Users\nova\AppData\Local\Temp\VMBuilds\vs_impact02\arduino_due_x_dbg\Debug/core.a(UARTClass.cpp.o)
                0x00080dd6                UARTClass::peek()
 .text._ZN9UARTClass4readEv
                0x00080df2       0x2a C:\Users\nova\AppData\Local\Temp\VMBuilds\vs_impact02\arduino_due_x_dbg\Debug/core.a(UARTClass.cpp.o)
                0x00080df2                UARTClass::read()
 .text._ZN9UARTClass5flushEv
                0x00080e1c       0x18 C:\Users\nova\AppData\Local\Temp\VMBuilds\vs_impact02\arduino_due_x_dbg\Debug/core.a(UARTClass.cpp.o)
                0x00080e1c                UARTClass::flush()
 .text._ZN9UARTClass5writeEh
                0x00080e34       0x54 C:\Users\nova\AppData\Local\Temp\VMBuilds\vs_impact02\arduino_due_x_dbg\Debug/core.a(UARTClass.cpp.o)
                0x00080e34                UARTClass::write(unsigned char)
 .text._ZN9UARTClass3endEv
                0x00080e88       0x3c C:\Users\nova\AppData\Local\Temp\VMBuilds\vs_impact02\arduino_due_x_dbg\Debug/core.a(UARTClass.cpp.o)
                0x00080e88                UARTClass::end()
 .text._ZN9UARTClassC2EP4Uart4IRQnmP10RingBufferS4_
                0x00080ec4       0x24 C:\Users\nova\AppData\Local\Temp\VMBuilds\vs_impact02\arduino_due_x_dbg\Debug/core.a(UARTClass.cpp.o)
                0x00080ec4                UARTClass::UARTClass(Uart*, IRQn, unsigned long, RingBuffer*, RingBuffer*)
                0x00080ec4                UARTClass::UARTClass(Uart*, IRQn, unsigned long, RingBuffer*, RingBuffer*)
 .text._ZN9UARTClass4initEmm
                0x00080ee8       0x70 C:\Users\nova\AppData\Local\Temp\VMBuilds\vs_impact02\arduino_due_x_dbg\Debug/core.a(UARTClass.cpp.o)
                0x00080ee8                UARTClass::init(unsigned long, unsigned long)
 .text._ZN9UARTClass5beginEm
                0x00080f58        0x8 C:\Users\nova\AppData\Local\Temp\VMBuilds\vs_impact02\arduino_due_x_dbg\Debug/core.a(UARTClass.cpp.o)
                0x00080f58                UARTClass::begin(unsigned long)
 .text._ZN9UARTClass10IrqHandlerEv
                0x00080f60       0x5a C:\Users\nova\AppData\Local\Temp\VMBuilds\vs_impact02\arduino_due_x_dbg\Debug/core.a(UARTClass.cpp.o)
                0x00080f60                UARTClass::IrqHandler()
 .text._ZN10USARTClass5beginEm
                0x00080fba        0x8 C:\Users\nova\AppData\Local\Temp\VMBuilds\vs_impact02\arduino_due_x_dbg\Debug/core.a(USARTClass.cpp.o)
                0x00080fba                USARTClass::begin(unsigned long)
 *fill*         0x00080fc2        0x2 
 .text._ZN10USARTClassC2EP5Usart4IRQnmP10RingBufferS4_
                0x00080fc4       0x24 C:\Users\nova\AppData\Local\Temp\VMBuilds\vs_impact02\arduino_due_x_dbg\Debug/core.a(USARTClass.cpp.o)
                0x00080fc4                USARTClass::USARTClass(Usart*, IRQn, unsigned long, RingBuffer*, RingBuffer*)
                0x00080fc4                USARTClass::USARTClass(Usart*, IRQn, unsigned long, RingBuffer*, RingBuffer*)
 .text._watchdogDefaultSetup
                0x00080fe8        0xc C:\Users\nova\AppData\Local\Temp\VMBuilds\vs_impact02\arduino_due_x_dbg\Debug/core.a(watchdog.cpp.o)
                0x00080fe8                _watchdogDefaultSetup
                0x00080fe8                watchdogSetup()
 .text.unlikely._ZL11USB_SendZlpv
                0x00080ff4       0x20 C:\Users\nova\AppData\Local\Temp\VMBuilds\vs_impact02\arduino_due_x_dbg\Debug/core.a(USBCore.cpp.o)
 .text._Z14USBD_Availablem
                0x00081014       0x2c C:\Users\nova\AppData\Local\Temp\VMBuilds\vs_impact02\arduino_due_x_dbg\Debug/core.a(USBCore.cpp.o)
                0x00081014                USBD_Available(unsigned long)
 .text._Z9USBD_RecvmPvm
                0x00081040       0x7c C:\Users\nova\AppData\Local\Temp\VMBuilds\vs_impact02\arduino_due_x_dbg\Debug/core.a(USBCore.cpp.o)
                0x00081040                USBD_Recv(unsigned long, void*, unsigned long)
 .text._Z9USBD_Recvm
                0x000810bc       0x22 C:\Users\nova\AppData\Local\Temp\VMBuilds\vs_impact02\arduino_due_x_dbg\Debug/core.a(USBCore.cpp.o)
                0x000810bc                USBD_Recv(unsigned long)
 *fill*         0x000810de        0x2 
 .text._Z9USBD_SendmPKvm
                0x000810e0       0x4c C:\Users\nova\AppData\Local\Temp\VMBuilds\vs_impact02\arduino_due_x_dbg\Debug/core.a(USBCore.cpp.o)
                0x000810e0                USBD_Send(unsigned long, void const*, unsigned long)
 .text._Z16USBD_SendControlhPKvm
                0x0008112c       0x40 C:\Users\nova\AppData\Local\Temp\VMBuilds\vs_impact02\arduino_due_x_dbg\Debug/core.a(USBCore.cpp.o)
                0x0008112c                USBD_SendControl(unsigned char, void const*, unsigned long)
 .text.unlikely._ZL24USB_SendStringDescriptorPKhi
                0x0008116c       0x64 C:\Users\nova\AppData\Local\Temp\VMBuilds\vs_impact02\arduino_due_x_dbg\Debug/core.a(USBCore.cpp.o)
 .text._Z16USBD_RecvControlPvm
                0x000811d0       0x1c C:\Users\nova\AppData\Local\Temp\VMBuilds\vs_impact02\arduino_due_x_dbg\Debug/core.a(USBCore.cpp.o)
                0x000811d0                USBD_RecvControl(void*, unsigned long)
 .text._Z26USBD_ClassInterfaceRequestR8USBSetup
                0x000811ec       0x1e C:\Users\nova\AppData\Local\Temp\VMBuilds\vs_impact02\arduino_due_x_dbg\Debug/core.a(USBCore.cpp.o)
                0x000811ec                USBD_ClassInterfaceRequest(USBSetup&)
 .text._Z19USBD_SendInterfacesv
                0x0008120a       0x22 C:\Users\nova\AppData\Local\Temp\VMBuilds\vs_impact02\arduino_due_x_dbg\Debug/core.a(USBCore.cpp.o)
                0x0008120a                USBD_SendInterfaces()
 .text._Z24USBD_SendOtherInterfacesv
                0x0008122c       0x22 C:\Users\nova\AppData\Local\Temp\VMBuilds\vs_impact02\arduino_due_x_dbg\Debug/core.a(USBCore.cpp.o)
                0x0008122c                USBD_SendOtherInterfaces()
 .text._Z10USBD_Flushm
                0x0008124e       0x16 C:\Users\nova\AppData\Local\Temp\VMBuilds\vs_impact02\arduino_due_x_dbg\Debug/core.a(USBCore.cpp.o)
                0x0008124e                USBD_Flush(unsigned long)
 .text._ZN10USBDevice_C2Ev
                0x00081264       0x24 C:\Users\nova\AppData\Local\Temp\VMBuilds\vs_impact02\arduino_due_x_dbg\Debug/core.a(USBCore.cpp.o)
                0x00081264                USBDevice_::USBDevice_()
                0x00081264                USBDevice_::USBDevice_()
 .text._ZN10USBDevice_6attachEv
                0x00081288       0x20 C:\Users\nova\AppData\Local\Temp\VMBuilds\vs_impact02\arduino_due_x_dbg\Debug/core.a(USBCore.cpp.o)
                0x00081288                USBDevice_::attach()
 .text.startup._GLOBAL__sub_I_EndPoints
                0x000812a8        0xc C:\Users\nova\AppData\Local\Temp\VMBuilds\vs_impact02\arduino_due_x_dbg\Debug/core.a(USBCore.cpp.o)
 .text._ZL7USB_ISRv
                0x000812b4      0x454 C:\Users\nova\AppData\Local\Temp\VMBuilds\vs_impact02\arduino_due_x_dbg\Debug/core.a(USBCore.cpp.o)
 .text._ZN7Serial_9availableEv
                0x00081708       0x18 C:\Users\nova\AppData\Local\Temp\VMBuilds\vs_impact02\arduino_due_x_dbg\Debug/core.a(CDC.cpp.o)
                0x00081708                Serial_::available()
 .text._ZN7Serial_17availableForWriteEv
                0x00081720        0x6 C:\Users\nova\AppData\Local\Temp\VMBuilds\vs_impact02\arduino_due_x_dbg\Debug/core.a(CDC.cpp.o)
                0x00081720                Serial_::availableForWrite()
 *fill*         0x00081726        0x2 
 .text._ZN7Serial_4peekEv
                0x00081728       0x20 C:\Users\nova\AppData\Local\Temp\VMBuilds\vs_impact02\arduino_due_x_dbg\Debug/core.a(CDC.cpp.o)
                0x00081728                Serial_::peek()
 .text._ZN7Serial_5writeEh
                0x00081748       0x16 C:\Users\nova\AppData\Local\Temp\VMBuilds\vs_impact02\arduino_due_x_dbg\Debug/core.a(CDC.cpp.o)
                0x00081748                Serial_::write(unsigned char)
 *fill*         0x0008175e        0x2 
 .text._ZN7Serial_4readEv
                0x00081760       0x44 C:\Users\nova\AppData\Local\Temp\VMBuilds\vs_impact02\arduino_due_x_dbg\Debug/core.a(CDC.cpp.o)
                0x00081760                Serial_::read()
 .text._ZN7Serial_5flushEv
                0x000817a4        0x6 C:\Users\nova\AppData\Local\Temp\VMBuilds\vs_impact02\arduino_due_x_dbg\Debug/core.a(CDC.cpp.o)
                0x000817a4                Serial_::flush()
 *fill*         0x000817aa        0x2 
 .text._ZN7Serial_6acceptEv
                0x000817ac       0x70 C:\Users\nova\AppData\Local\Temp\VMBuilds\vs_impact02\arduino_due_x_dbg\Debug/core.a(CDC.cpp.o)
                0x000817ac                Serial_::accept()
 .text._ZN7Serial_5writeEPKhj
                0x0008181c       0x2c C:\Users\nova\AppData\Local\Temp\VMBuilds\vs_impact02\arduino_due_x_dbg\Debug/core.a(CDC.cpp.o)
                0x0008181c                Serial_::write(unsigned char const*, unsigned int)
 .text._Z16CDC_GetInterfacePh
                0x00081848       0x14 C:\Users\nova\AppData\Local\Temp\VMBuilds\vs_impact02\arduino_due_x_dbg\Debug/core.a(CDC.cpp.o)
                0x00081848                CDC_GetInterface(unsigned char*)
 .text._Z21CDC_GetOtherInterfacePh
                0x0008185c       0x14 C:\Users\nova\AppData\Local\Temp\VMBuilds\vs_impact02\arduino_due_x_dbg\Debug/core.a(CDC.cpp.o)
                0x0008185c                CDC_GetOtherInterface(unsigned char*)
 .text._Z9CDC_SetupR8USBSetup
                0x00081870       0x78 C:\Users\nova\AppData\Local\Temp\VMBuilds\vs_impact02\arduino_due_x_dbg\Debug/core.a(CDC.cpp.o)
                0x00081870                CDC_Setup(USBSetup&)
 .text.startup._GLOBAL__sub_I_cdc_rx_buffer
                0x000818e8       0x1c C:\Users\nova\AppData\Local\Temp\VMBuilds\vs_impact02\arduino_due_x_dbg\Debug/core.a(CDC.cpp.o)
 .text._ZN13PluggableUSB_12getInterfaceEPh
                0x00081904       0x28 C:\Users\nova\AppData\Local\Temp\VMBuilds\vs_impact02\arduino_due_x_dbg\Debug/core.a(PluggableUSB.cpp.o)
                0x00081904                PluggableUSB_::getInterface(unsigned char*)
 .text._ZN13PluggableUSB_13getDescriptorER8USBSetup
                0x0008192c       0x1c C:\Users\nova\AppData\Local\Temp\VMBuilds\vs_impact02\arduino_due_x_dbg\Debug/core.a(PluggableUSB.cpp.o)
                0x0008192c                PluggableUSB_::getDescriptor(USBSetup&)
 .text._ZN13PluggableUSB_12getShortNameEPc
                0x00081948       0x1c C:\Users\nova\AppData\Local\Temp\VMBuilds\vs_impact02\arduino_due_x_dbg\Debug/core.a(PluggableUSB.cpp.o)
                0x00081948                PluggableUSB_::getShortName(char*)
 .text._ZN13PluggableUSB_5setupER8USBSetup
                0x00081964       0x20 C:\Users\nova\AppData\Local\Temp\VMBuilds\vs_impact02\arduino_due_x_dbg\Debug/core.a(PluggableUSB.cpp.o)
                0x00081964                PluggableUSB_::setup(USBSetup&)
 .text._Z12PluggableUSBv
                0x00081984       0x28 C:\Users\nova\AppData\Local\Temp\VMBuilds\vs_impact02\arduino_due_x_dbg\Debug/core.a(PluggableUSB.cpp.o)
                0x00081984                PluggableUSB()
 .text.TimeTick_Increment
                0x000819ac       0x10 C:\Users\nova\AppData\Local\arduino15\packages\arduino\hardware\sam\1.6.9\variants\arduino_due_x/libsam_sam3x8e_gcc_rel.a(timetick.o)
                0x000819ac                TimeTick_Increment
 .text.GetTickCount
                0x000819bc        0xc C:\Users\nova\AppData\Local\arduino15\packages\arduino\hardware\sam\1.6.9\variants\arduino_due_x/libsam_sam3x8e_gcc_rel.a(timetick.o)
                0x000819bc                GetTickCount
 .text.WDT_Disable
                0x000819c8        0x8 C:\Users\nova\AppData\Local\arduino15\packages\arduino\hardware\sam\1.6.9\variants\arduino_due_x/libsam_sam3x8e_gcc_rel.a(wdt.o)
                0x000819c8                WDT_Disable
 .text.UDD_SetStack
                0x000819d0        0xc C:\Users\nova\AppData\Local\arduino15\packages\arduino\hardware\sam\1.6.9\variants\arduino_due_x/libsam_sam3x8e_gcc_rel.a(uotghs_device.o)
                0x000819d0                UDD_SetStack
 .text.UDD_Init
                0x000819dc       0xd0 C:\Users\nova\AppData\Local\arduino15\packages\arduino\hardware\sam\1.6.9\variants\arduino_due_x/libsam_sam3x8e_gcc_rel.a(uotghs_device.o)
                0x000819dc                UDD_Init
 .text.UDD_Attach
                0x00081aac       0x50 C:\Users\nova\AppData\Local\arduino15\packages\arduino\hardware\sam\1.6.9\variants\arduino_due_x/libsam_sam3x8e_gcc_rel.a(uotghs_device.o)
                0x00081aac                UDD_Attach
 .text.UDD_InitEP
                0x00081afc       0x2c C:\Users\nova\AppData\Local\arduino15\packages\arduino\hardware\sam\1.6.9\variants\arduino_due_x/libsam_sam3x8e_gcc_rel.a(uotghs_device.o)
                0x00081afc                UDD_InitEP
 .text.UDD_InitEndpoints
                0x00081b28       0x3c C:\Users\nova\AppData\Local\arduino15\packages\arduino\hardware\sam\1.6.9\variants\arduino_due_x/libsam_sam3x8e_gcc_rel.a(uotghs_device.o)
                0x00081b28                UDD_InitEndpoints
 .text.UDD_WaitIN
                0x00081b64       0x10 C:\Users\nova\AppData\Local\arduino15\packages\arduino\hardware\sam\1.6.9\variants\arduino_due_x/libsam_sam3x8e_gcc_rel.a(uotghs_device.o)
                0x00081b64                UDD_WaitIN
 .text.UDD_WaitOUT
                0x00081b74       0x10 C:\Users\nova\AppData\Local\arduino15\packages\arduino\hardware\sam\1.6.9\variants\arduino_due_x/libsam_sam3x8e_gcc_rel.a(uotghs_device.o)
                0x00081b74                UDD_WaitOUT
 .text.UDD_ClearIN
                0x00081b84       0x18 C:\Users\nova\AppData\Local\arduino15\packages\arduino\hardware\sam\1.6.9\variants\arduino_due_x/libsam_sam3x8e_gcc_rel.a(uotghs_device.o)
                0x00081b84                UDD_ClearIN
 .text.UDD_ClearOUT
                0x00081b9c       0x18 C:\Users\nova\AppData\Local\arduino15\packages\arduino\hardware\sam\1.6.9\variants\arduino_due_x/libsam_sam3x8e_gcc_rel.a(uotghs_device.o)
                0x00081b9c                UDD_ClearOUT
 .text.UDD_ReceivedSetupInt
                0x00081bb4       0x10 C:\Users\nova\AppData\Local\arduino15\packages\arduino\hardware\sam\1.6.9\variants\arduino_due_x/libsam_sam3x8e_gcc_rel.a(uotghs_device.o)
                0x00081bb4                UDD_ReceivedSetupInt
 .text.UDD_ClearSetupInt
                0x00081bc4       0x10 C:\Users\nova\AppData\Local\arduino15\packages\arduino\hardware\sam\1.6.9\variants\arduino_due_x/libsam_sam3x8e_gcc_rel.a(uotghs_device.o)
                0x00081bc4                UDD_ClearSetupInt
 .text.UDD_Send
                0x00081bd4       0x88 C:\Users\nova\AppData\Local\arduino15\packages\arduino\hardware\sam\1.6.9\variants\arduino_due_x/libsam_sam3x8e_gcc_rel.a(uotghs_device.o)
                0x00081bd4                UDD_Send
 .text.UDD_Send8
                0x00081c5c       0x24 C:\Users\nova\AppData\Local\arduino15\packages\arduino\hardware\sam\1.6.9\variants\arduino_due_x/libsam_sam3x8e_gcc_rel.a(uotghs_device.o)
                0x00081c5c                UDD_Send8
 .text.UDD_Recv8
                0x00081c80       0x28 C:\Users\nova\AppData\Local\arduino15\packages\arduino\hardware\sam\1.6.9\variants\arduino_due_x/libsam_sam3x8e_gcc_rel.a(uotghs_device.o)
                0x00081c80                UDD_Recv8
 .text.UDD_Recv
                0x00081ca8       0x34 C:\Users\nova\AppData\Local\arduino15\packages\arduino\hardware\sam\1.6.9\variants\arduino_due_x/libsam_sam3x8e_gcc_rel.a(uotghs_device.o)
                0x00081ca8                UDD_Recv
 .text.UDD_Stall
                0x00081cdc       0x14 C:\Users\nova\AppData\Local\arduino15\packages\arduino\hardware\sam\1.6.9\variants\arduino_due_x/libsam_sam3x8e_gcc_rel.a(uotghs_device.o)
                0x00081cdc                UDD_Stall
 .text.UDD_FifoByteCount
                0x00081cf0       0x14 C:\Users\nova\AppData\Local\arduino15\packages\arduino\hardware\sam\1.6.9\variants\arduino_due_x/libsam_sam3x8e_gcc_rel.a(uotghs_device.o)
                0x00081cf0                UDD_FifoByteCount
 .text.UDD_ReleaseRX
                0x00081d04       0x28 C:\Users\nova\AppData\Local\arduino15\packages\arduino\hardware\sam\1.6.9\variants\arduino_due_x/libsam_sam3x8e_gcc_rel.a(uotghs_device.o)
                0x00081d04                UDD_ReleaseRX
 .text.UDD_ReleaseTX
                0x00081d2c       0x28 C:\Users\nova\AppData\Local\arduino15\packages\arduino\hardware\sam\1.6.9\variants\arduino_due_x/libsam_sam3x8e_gcc_rel.a(uotghs_device.o)
                0x00081d2c                UDD_ReleaseTX
 .text.UDD_SetAddress
                0x00081d54       0x20 C:\Users\nova\AppData\Local\arduino15\packages\arduino\hardware\sam\1.6.9\variants\arduino_due_x/libsam_sam3x8e_gcc_rel.a(uotghs_device.o)
                0x00081d54                UDD_SetAddress
 .text.__libc_init_array
                0x00081d74       0x50 c:/users/nova/appdata/local/arduino15/packages/arduino/tools/arm-none-eabi-gcc/4.8.3-2014q1/bin/../lib/gcc/arm-none-eabi/4.8.3/../../../../arm-none-eabi/lib/armv7-m\libg.a(lib_a-init.o)
                0x00081d74                __libc_init_array
 .text.iprintf  0x00081dc4       0x28 c:/users/nova/appdata/local/arduino15/packages/arduino/tools/arm-none-eabi-gcc/4.8.3-2014q1/bin/../lib/gcc/arm-none-eabi/4.8.3/../../../../arm-none-eabi/lib/armv7-m\libg.a(lib_a-iprintf.o)
                0x00081dc4                iprintf
 .text.memset   0x00081dec       0x94 c:/users/nova/appdata/local/arduino15/packages/arduino/tools/arm-none-eabi-gcc/4.8.3-2014q1/bin/../lib/gcc/arm-none-eabi/4.8.3/../../../../arm-none-eabi/lib/armv7-m\libg.a(lib_a-memset.o)
                0x00081dec                memset
 .text.strlen   0x00081e80       0x60 c:/users/nova/appdata/local/arduino15/packages/arduino/tools/arm-none-eabi-gcc/4.8.3-2014q1/bin/../lib/gcc/arm-none-eabi/4.8.3/../../../../arm-none-eabi/lib/armv7-m\libg.a(lib_a-strlen.o)
                0x00081e80                strlen
 .text.kill     0x00081ee0       0x10 c:/users/nova/appdata/local/arduino15/packages/arduino/tools/arm-none-eabi-gcc/4.8.3-2014q1/bin/../lib/gcc/arm-none-eabi/4.8.3/../../../../arm-none-eabi/lib/armv7-m\libg.a(lib_a-syskill.o)
                0x00081ee0                kill
 .text.__sprint_r.part.0
                0x00081ef0       0x78 c:/users/nova/appdata/local/arduino15/packages/arduino/tools/arm-none-eabi-gcc/4.8.3-2014q1/bin/../lib/gcc/arm-none-eabi/4.8.3/../../../../arm-none-eabi/lib/armv7-m\libg.a(lib_a-vfiprintf.o)
 .text._vfiprintf_r
                0x00081f68      0xc54 c:/users/nova/appdata/local/arduino15/packages/arduino/tools/arm-none-eabi-gcc/4.8.3-2014q1/bin/../lib/gcc/arm-none-eabi/4.8.3/../../../../arm-none-eabi/lib/armv7-m\libg.a(lib_a-vfiprintf.o)
                0x00081f68                _vfiprintf_r
 .text.__sbprintf
                0x00082bbc       0x7c c:/users/nova/appdata/local/arduino15/packages/arduino/tools/arm-none-eabi-gcc/4.8.3-2014q1/bin/../lib/gcc/arm-none-eabi/4.8.3/../../../../arm-none-eabi/lib/armv7-m\libg.a(lib_a-vfiprintf.o)
 .text.__swsetup_r
                0x00082c38       0xc4 c:/users/nova/appdata/local/arduino15/packages/arduino/tools/arm-none-eabi-gcc/4.8.3-2014q1/bin/../lib/gcc/arm-none-eabi/4.8.3/../../../../arm-none-eabi/lib/armv7-m\libg.a(lib_a-wsetup.o)
                0x00082c38                __swsetup_r
 .text.startup.register_fini
                0x00082cfc       0x14 c:/users/nova/appdata/local/arduino15/packages/arduino/tools/arm-none-eabi-gcc/4.8.3-2014q1/bin/../lib/gcc/arm-none-eabi/4.8.3/../../../../arm-none-eabi/lib/armv7-m\libg.a(lib_a-__call_atexit.o)
 .text.atexit   0x00082d10        0xc c:/users/nova/appdata/local/arduino15/packages/arduino/tools/arm-none-eabi-gcc/4.8.3-2014q1/bin/../lib/gcc/arm-none-eabi/4.8.3/../../../../arm-none-eabi/lib/armv7-m\libg.a(lib_a-atexit.o)
                0x00082d10                atexit
 .text.__sflush_r
                0x00082d1c      0x148 c:/users/nova/appdata/local/arduino15/packages/arduino/tools/arm-none-eabi-gcc/4.8.3-2014q1/bin/../lib/gcc/arm-none-eabi/4.8.3/../../../../arm-none-eabi/lib/armv7-m\libg.a(lib_a-fflush.o)
                0x00082d1c                __sflush_r
 .text._fflush_r
                0x00082e64       0x2c c:/users/nova/appdata/local/arduino15/packages/arduino/tools/arm-none-eabi-gcc/4.8.3-2014q1/bin/../lib/gcc/arm-none-eabi/4.8.3/../../../../arm-none-eabi/lib/armv7-m\libg.a(lib_a-fflush.o)
                0x00082e64                _fflush_r
 .text._cleanup_r
                0x00082e90        0xc c:/users/nova/appdata/local/arduino15/packages/arduino/tools/arm-none-eabi-gcc/4.8.3-2014q1/bin/../lib/gcc/arm-none-eabi/4.8.3/../../../../arm-none-eabi/lib/armv7-m\libg.a(lib_a-findfp.o)
                0x00082e90                _cleanup_r
 .text.__sinit  0x00082e9c       0xf4 c:/users/nova/appdata/local/arduino15/packages/arduino/tools/arm-none-eabi-gcc/4.8.3-2014q1/bin/../lib/gcc/arm-none-eabi/4.8.3/../../../../arm-none-eabi/lib/armv7-m\libg.a(lib_a-findfp.o)
                0x00082e9c                __sinit
 .text.__sfp_lock_acquire
                0x00082f90        0x4 c:/users/nova/appdata/local/arduino15/packages/arduino/tools/arm-none-eabi-gcc/4.8.3-2014q1/bin/../lib/gcc/arm-none-eabi/4.8.3/../../../../arm-none-eabi/lib/armv7-m\libg.a(lib_a-findfp.o)
                0x00082f90                __sfp_lock_acquire
 .text.__sfp_lock_release
                0x00082f94        0x4 c:/users/nova/appdata/local/arduino15/packages/arduino/tools/arm-none-eabi-gcc/4.8.3-2014q1/bin/../lib/gcc/arm-none-eabi/4.8.3/../../../../arm-none-eabi/lib/armv7-m\libg.a(lib_a-findfp.o)
                0x00082f94                __sfp_lock_release
 .text.__libc_fini_array
                0x00082f98       0x30 c:/users/nova/appdata/local/arduino15/packages/arduino/tools/arm-none-eabi-gcc/4.8.3-2014q1/bin/../lib/gcc/arm-none-eabi/4.8.3/../../../../arm-none-eabi/lib/armv7-m\libg.a(lib_a-fini.o)
                0x00082f98                __libc_fini_array
 .text._fputwc_r
                0x00082fc8       0xc0 c:/users/nova/appdata/local/arduino15/packages/arduino/tools/arm-none-eabi-gcc/4.8.3-2014q1/bin/../lib/gcc/arm-none-eabi/4.8.3/../../../../arm-none-eabi/lib/armv7-m\libg.a(lib_a-fputwc.o)
                0x00082fc8                _fputwc_r
 .text._malloc_trim_r
                0x00083088       0x9c c:/users/nova/appdata/local/arduino15/packages/arduino/tools/arm-none-eabi-gcc/4.8.3-2014q1/bin/../lib/gcc/arm-none-eabi/4.8.3/../../../../arm-none-eabi/lib/armv7-m\libg.a(lib_a-freer.o)
                0x00083088                _malloc_trim_r
 .text._free_r  0x00083124      0x198 c:/users/nova/appdata/local/arduino15/packages/arduino/tools/arm-none-eabi-gcc/4.8.3-2014q1/bin/../lib/gcc/arm-none-eabi/4.8.3/../../../../arm-none-eabi/lib/armv7-m\libg.a(lib_a-freer.o)
                0x00083124                _free_r
 .text.__sfvwrite_r
                0x000832bc      0x314 c:/users/nova/appdata/local/arduino15/packages/arduino/tools/arm-none-eabi-gcc/4.8.3-2014q1/bin/../lib/gcc/arm-none-eabi/4.8.3/../../../../arm-none-eabi/lib/armv7-m\libg.a(lib_a-fvwrite.o)
                0x000832bc                __sfvwrite_r
 .text._fwalk   0x000835d0       0x48 c:/users/nova/appdata/local/arduino15/packages/arduino/tools/arm-none-eabi-gcc/4.8.3-2014q1/bin/../lib/gcc/arm-none-eabi/4.8.3/../../../../arm-none-eabi/lib/armv7-m\libg.a(lib_a-fwalk.o)
                0x000835d0                _fwalk
 .text.__locale_charset
                0x00083618        0x8 c:/users/nova/appdata/local/arduino15/packages/arduino/tools/arm-none-eabi-gcc/4.8.3-2014q1/bin/../lib/gcc/arm-none-eabi/4.8.3/../../../../arm-none-eabi/lib/armv7-m\libg.a(lib_a-locale.o)
                0x00083618                __locale_charset
 .text.__locale_mb_cur_max
                0x00083620        0xc c:/users/nova/appdata/local/arduino15/packages/arduino/tools/arm-none-eabi-gcc/4.8.3-2014q1/bin/../lib/gcc/arm-none-eabi/4.8.3/../../../../arm-none-eabi/lib/armv7-m\libg.a(lib_a-locale.o)
                0x00083620                __locale_mb_cur_max
 .text.__smakebuf_r
                0x0008362c       0xe0 c:/users/nova/appdata/local/arduino15/packages/arduino/tools/arm-none-eabi-gcc/4.8.3-2014q1/bin/../lib/gcc/arm-none-eabi/4.8.3/../../../../arm-none-eabi/lib/armv7-m\libg.a(lib_a-makebuf.o)
                0x0008362c                __smakebuf_r
 .text._malloc_r
                0x0008370c      0x538 c:/users/nova/appdata/local/arduino15/packages/arduino/tools/arm-none-eabi-gcc/4.8.3-2014q1/bin/../lib/gcc/arm-none-eabi/4.8.3/../../../../arm-none-eabi/lib/armv7-m\libg.a(lib_a-mallocr.o)
                0x0008370c                _malloc_r
 .text.memchr   0x00083c44       0x94 c:/users/nova/appdata/local/arduino15/packages/arduino/tools/arm-none-eabi-gcc/4.8.3-2014q1/bin/../lib/gcc/arm-none-eabi/4.8.3/../../../../arm-none-eabi/lib/armv7-m\libg.a(lib_a-memchr-stub.o)
                0x00083c44                memchr
 .text          0x00083cd8       0xec c:/users/nova/appdata/local/arduino15/packages/arduino/tools/arm-none-eabi-gcc/4.8.3-2014q1/bin/../lib/gcc/arm-none-eabi/4.8.3/../../../../arm-none-eabi/lib/armv7-m\libg.a(lib_a-memcpy.o)
                0x00083cd8                memcpy
 .text.memmove  0x00083dc4       0xcc c:/users/nova/appdata/local/arduino15/packages/arduino/tools/arm-none-eabi-gcc/4.8.3-2014q1/bin/../lib/gcc/arm-none-eabi/4.8.3/../../../../arm-none-eabi/lib/armv7-m\libg.a(lib_a-memmove.o)
                0x00083dc4                memmove
 .text.__malloc_lock
                0x00083e90        0x4 c:/users/nova/appdata/local/arduino15/packages/arduino/tools/arm-none-eabi-gcc/4.8.3-2014q1/bin/../lib/gcc/arm-none-eabi/4.8.3/../../../../arm-none-eabi/lib/armv7-m\libg.a(lib_a-mlock.o)
                0x00083e90                __malloc_lock
 .text.__malloc_unlock
                0x00083e94        0x4 c:/users/nova/appdata/local/arduino15/packages/arduino/tools/arm-none-eabi-gcc/4.8.3-2014q1/bin/../lib/gcc/arm-none-eabi/4.8.3/../../../../arm-none-eabi/lib/armv7-m\libg.a(lib_a-mlock.o)
                0x00083e94                __malloc_unlock
 .text._realloc_r
                0x00083e98      0x3c0 c:/users/nova/appdata/local/arduino15/packages/arduino/tools/arm-none-eabi-gcc/4.8.3-2014q1/bin/../lib/gcc/arm-none-eabi/4.8.3/../../../../arm-none-eabi/lib/armv7-m\libg.a(lib_a-reallocr.o)
                0x00083e98                _realloc_r
 .text._sbrk_r  0x00084258       0x24 c:/users/nova/appdata/local/arduino15/packages/arduino/tools/arm-none-eabi-gcc/4.8.3-2014q1/bin/../lib/gcc/arm-none-eabi/4.8.3/../../../../arm-none-eabi/lib/armv7-m\libg.a(lib_a-sbrkr.o)
                0x00084258                _sbrk_r
 .text._kill_r  0x0008427c       0x28 c:/users/nova/appdata/local/arduino15/packages/arduino/tools/arm-none-eabi-gcc/4.8.3-2014q1/bin/../lib/gcc/arm-none-eabi/4.8.3/../../../../arm-none-eabi/lib/armv7-m\libg.a(lib_a-signalr.o)
                0x0008427c                _kill_r
 .text.__sread  0x000842a4       0x24 c:/users/nova/appdata/local/arduino15/packages/arduino/tools/arm-none-eabi-gcc/4.8.3-2014q1/bin/../lib/gcc/arm-none-eabi/4.8.3/../../../../arm-none-eabi/lib/armv7-m\libg.a(lib_a-stdio.o)
                0x000842a4                __sread
 .text.__swrite
                0x000842c8       0x38 c:/users/nova/appdata/local/arduino15/packages/arduino/tools/arm-none-eabi-gcc/4.8.3-2014q1/bin/../lib/gcc/arm-none-eabi/4.8.3/../../../../arm-none-eabi/lib/armv7-m\libg.a(lib_a-stdio.o)
                0x000842c8                __swrite
 .text.__sseek  0x00084300       0x20 c:/users/nova/appdata/local/arduino15/packages/arduino/tools/arm-none-eabi-gcc/4.8.3-2014q1/bin/../lib/gcc/arm-none-eabi/4.8.3/../../../../arm-none-eabi/lib/armv7-m\libg.a(lib_a-stdio.o)
                0x00084300                __sseek
 .text.__sclose
                0x00084320        0x8 c:/users/nova/appdata/local/arduino15/packages/arduino/tools/arm-none-eabi-gcc/4.8.3-2014q1/bin/../lib/gcc/arm-none-eabi/4.8.3/../../../../arm-none-eabi/lib/armv7-m\libg.a(lib_a-stdio.o)
                0x00084320                __sclose
 .text.__swbuf_r
                0x00084328       0xa8 c:/users/nova/appdata/local/arduino15/packages/arduino/tools/arm-none-eabi-gcc/4.8.3-2014q1/bin/../lib/gcc/arm-none-eabi/4.8.3/../../../../arm-none-eabi/lib/armv7-m\libg.a(lib_a-wbuf.o)
                0x00084328                __swbuf_r
 .text._wcrtomb_r
                0x000843d0       0x50 c:/users/nova/appdata/local/arduino15/packages/arduino/tools/arm-none-eabi-gcc/4.8.3-2014q1/bin/../lib/gcc/arm-none-eabi/4.8.3/../../../../arm-none-eabi/lib/armv7-m\libg.a(lib_a-wcrtomb.o)
                0x000843d0                _wcrtomb_r
 .text.__ascii_wctomb
                0x00084420       0x1c c:/users/nova/appdata/local/arduino15/packages/arduino/tools/arm-none-eabi-gcc/4.8.3-2014q1/bin/../lib/gcc/arm-none-eabi/4.8.3/../../../../arm-none-eabi/lib/armv7-m\libg.a(lib_a-wctomb_r.o)
                0x00084420                __ascii_wctomb
 .text._write_r
                0x0008443c       0x28 c:/users/nova/appdata/local/arduino15/packages/arduino/tools/arm-none-eabi-gcc/4.8.3-2014q1/bin/../lib/gcc/arm-none-eabi/4.8.3/../../../../arm-none-eabi/lib/armv7-m\libg.a(lib_a-writer.o)
                0x0008443c                _write_r
 .text.__register_exitproc
                0x00084464       0xa8 c:/users/nova/appdata/local/arduino15/packages/arduino/tools/arm-none-eabi-gcc/4.8.3-2014q1/bin/../lib/gcc/arm-none-eabi/4.8.3/../../../../arm-none-eabi/lib/armv7-m\libg.a(lib_a-__atexit.o)
                0x00084464                __register_exitproc
 .text._close_r
                0x0008450c       0x24 c:/users/nova/appdata/local/arduino15/packages/arduino/tools/arm-none-eabi-gcc/4.8.3-2014q1/bin/../lib/gcc/arm-none-eabi/4.8.3/../../../../arm-none-eabi/lib/armv7-m\libg.a(lib_a-closer.o)
                0x0008450c                _close_r
 .text._fclose_r
                0x00084530       0x80 c:/users/nova/appdata/local/arduino15/packages/arduino/tools/arm-none-eabi-gcc/4.8.3-2014q1/bin/../lib/gcc/arm-none-eabi/4.8.3/../../../../arm-none-eabi/lib/armv7-m\libg.a(lib_a-fclose.o)
                0x00084530                _fclose_r
 .text.fclose   0x000845b0       0x10 c:/users/nova/appdata/local/arduino15/packages/arduino/tools/arm-none-eabi-gcc/4.8.3-2014q1/bin/../lib/gcc/arm-none-eabi/4.8.3/../../../../arm-none-eabi/lib/armv7-m\libg.a(lib_a-fclose.o)
                0x000845b0                fclose
 .text._fstat_r
                0x000845c0       0x28 c:/users/nova/appdata/local/arduino15/packages/arduino/tools/arm-none-eabi-gcc/4.8.3-2014q1/bin/../lib/gcc/arm-none-eabi/4.8.3/../../../../arm-none-eabi/lib/armv7-m\libg.a(lib_a-fstatr.o)
                0x000845c0                _fstat_r
 .text._isatty_r
                0x000845e8       0x24 c:/users/nova/appdata/local/arduino15/packages/arduino/tools/arm-none-eabi-gcc/4.8.3-2014q1/bin/../lib/gcc/arm-none-eabi/4.8.3/../../../../arm-none-eabi/lib/armv7-m\libg.a(lib_a-isattyr.o)
                0x000845e8                _isatty_r
 .text._lseek_r
                0x0008460c       0x28 c:/users/nova/appdata/local/arduino15/packages/arduino/tools/arm-none-eabi-gcc/4.8.3-2014q1/bin/../lib/gcc/arm-none-eabi/4.8.3/../../../../arm-none-eabi/lib/armv7-m\libg.a(lib_a-lseekr.o)
                0x0008460c                _lseek_r
 .text._read_r  0x00084634       0x28 c:/users/nova/appdata/local/arduino15/packages/arduino/tools/arm-none-eabi-gcc/4.8.3-2014q1/bin/../lib/gcc/arm-none-eabi/4.8.3/../../../../arm-none-eabi/lib/armv7-m\libg.a(lib_a-readr.o)
                0x00084634                _read_r
 .text          0x0008465c       0x2c c:/users/nova/appdata/local/arduino15/packages/arduino/tools/arm-none-eabi-gcc/4.8.3-2014q1/bin/../lib/gcc/arm-none-eabi/4.8.3/armv7-m\libgcc.a(_aeabi_uldivmod.o)
                0x0008465c                __aeabi_uldivmod
 .text          0x00084688       0x60 c:/users/nova/appdata/local/arduino15/packages/arduino/tools/arm-none-eabi-gcc/4.8.3-2014q1/bin/../lib/gcc/arm-none-eabi/4.8.3/armv7-m\libgcc.a(bpabi.o)
                0x00084688                __gnu_ldivmod_helper
                0x000846b8                __gnu_uldivmod_helper
 .text          0x000846e8        0x4 c:/users/nova/appdata/local/arduino15/packages/arduino/tools/arm-none-eabi-gcc/4.8.3-2014q1/bin/../lib/gcc/arm-none-eabi/4.8.3/armv7-m\libgcc.a(_dvmd_tls.o)
                0x000846e8                __aeabi_idiv0
                0x000846e8                __aeabi_ldiv0
 .text          0x000846ec      0x2a0 c:/users/nova/appdata/local/arduino15/packages/arduino/tools/arm-none-eabi-gcc/4.8.3-2014q1/bin/../lib/gcc/arm-none-eabi/4.8.3/armv7-m\libgcc.a(_divdi3.o)
                0x000846ec                __divdi3
 .text          0x0008498c      0x290 c:/users/nova/appdata/local/arduino15/packages/arduino/tools/arm-none-eabi-gcc/4.8.3-2014q1/bin/../lib/gcc/arm-none-eabi/4.8.3/armv7-m\libgcc.a(_udivdi3.o)
                0x0008498c                __udivdi3
 *(.glue_7t)
 .glue_7t       0x00000000        0x0 linker stubs
 *(.glue_7)
 .glue_7        0x00000000        0x0 linker stubs
 *(.rodata .rodata* .gnu.linkonce.r.*)
 .rodata.str1.1
                0x00084c1c       0x14 C:\Users\nova\AppData\Local\Temp\VMBuilds\vs_impact02\arduino_due_x_dbg\Debug\vs_impact02.cpp.o
 .rodata.str1.1
                0x00084c30       0x6a C:\Users\nova\AppData\Local\Temp\VMBuilds\vs_impact02\arduino_due_x_dbg\Debug\VM_DBG\VM_DBG.cpp.o
                                 0x6c (size before relaxing)
 *fill*         0x00084c9a        0x2 
 .rodata.g_APinDescription
                0x00084c9c      0xa2c C:\Users\nova\AppData\Local\Temp\VMBuilds\vs_impact02\arduino_due_x_dbg\Debug\variant\variant.cpp.o
                0x00084c9c                g_APinDescription
 .rodata        0x000856c8       0x40 C:\Users\nova\AppData\Local\arduino15\packages\arduino\hardware\sam\1.6.9\variants\arduino_due_x/libsam_sam3x8e_gcc_rel.a(adc.o)
 .rodata.str1.1
                0x00085708       0x19 C:\Users\nova\AppData\Local\Temp\VMBuilds\vs_impact02\arduino_due_x_dbg\Debug/core.a(syscalls_sam3.c.o)
 .rodata.str1.1
                0x00085721        0xe C:\Users\nova\AppData\Local\Temp\VMBuilds\vs_impact02\arduino_due_x_dbg\Debug/core.a(Print.cpp.o)
                                 0x11 (size before relaxing)
 *fill*         0x0008572f        0x1 
 .rodata._ZTV9UARTClass
                0x00085730       0x30 C:\Users\nova\AppData\Local\Temp\VMBuilds\vs_impact02\arduino_due_x_dbg\Debug/core.a(UARTClass.cpp.o)
                0x00085730                vtable for UARTClass
 .rodata._ZTV10USARTClass
                0x00085760       0x30 C:\Users\nova\AppData\Local\Temp\VMBuilds\vs_impact02\arduino_due_x_dbg\Debug/core.a(USARTClass.cpp.o)
                0x00085760                vtable for USARTClass
 .rodata.STRING_PRODUCT
                0x00085790        0xc C:\Users\nova\AppData\Local\Temp\VMBuilds\vs_impact02\arduino_due_x_dbg\Debug/core.a(USBCore.cpp.o)
                0x00085790                STRING_PRODUCT
 .rodata.USB_DeviceDescriptor
                0x0008579c       0x12 C:\Users\nova\AppData\Local\Temp\VMBuilds\vs_impact02\arduino_due_x_dbg\Debug/core.a(USBCore.cpp.o)
                0x0008579c                USB_DeviceDescriptor
 .rodata.STRING_LANGUAGE
                0x000857ae        0x4 C:\Users\nova\AppData\Local\Temp\VMBuilds\vs_impact02\arduino_due_x_dbg\Debug/core.a(USBCore.cpp.o)
                0x000857ae                STRING_LANGUAGE
 .rodata._ZL18test_packet_buffer
                0x000857b2       0x35 C:\Users\nova\AppData\Local\Temp\VMBuilds\vs_impact02\arduino_due_x_dbg\Debug/core.a(USBCore.cpp.o)
 .rodata.STRING_MANUFACTURER
                0x000857e7        0xc C:\Users\nova\AppData\Local\Temp\VMBuilds\vs_impact02\arduino_due_x_dbg\Debug/core.a(USBCore.cpp.o)
                0x000857e7                STRING_MANUFACTURER
 .rodata.USB_DeviceDescriptorA
                0x000857f3       0x12 C:\Users\nova\AppData\Local\Temp\VMBuilds\vs_impact02\arduino_due_x_dbg\Debug/core.a(USBCore.cpp.o)
                0x000857f3                USB_DeviceDescriptorA
 .rodata._ZL19USB_DeviceQualifier
                0x00085805        0x9 C:\Users\nova\AppData\Local\Temp\VMBuilds\vs_impact02\arduino_due_x_dbg\Debug/core.a(USBCore.cpp.o)
 *fill*         0x0008580e        0x2 
 .rodata._ZTV7Serial_
                0x00085810       0x28 C:\Users\nova\AppData\Local\Temp\VMBuilds\vs_impact02\arduino_due_x_dbg\Debug/core.a(CDC.cpp.o)
                0x00085810                vtable for Serial_
 .rodata._ZL18_cdcOtherInterface
                0x00085838       0x42 C:\Users\nova\AppData\Local\Temp\VMBuilds\vs_impact02\arduino_due_x_dbg\Debug/core.a(CDC.cpp.o)
 .rodata._ZL13_cdcInterface
                0x0008587a       0x42 C:\Users\nova\AppData\Local\Temp\VMBuilds\vs_impact02\arduino_due_x_dbg\Debug/core.a(CDC.cpp.o)
 .rodata.str1.4
                0x000858bc        0x2 c:/users/nova/appdata/local/arduino15/packages/arduino/tools/arm-none-eabi-gcc/4.8.3-2014q1/bin/../lib/gcc/arm-none-eabi/4.8.3/../../../../arm-none-eabi/lib/armv7-m\libg.a(lib_a-impure.o)
                                  0x4 (size before relaxing)
 *fill*         0x000858be        0x2 
 .rodata._global_impure_ptr
                0x000858c0        0x4 c:/users/nova/appdata/local/arduino15/packages/arduino/tools/arm-none-eabi-gcc/4.8.3-2014q1/bin/../lib/gcc/arm-none-eabi/4.8.3/../../../../arm-none-eabi/lib/armv7-m\libg.a(lib_a-impure.o)
                0x000858c0                _global_impure_ptr
 .rodata.blanks.6717
                0x000858c4       0x10 c:/users/nova/appdata/local/arduino15/packages/arduino/tools/arm-none-eabi-gcc/4.8.3-2014q1/bin/../lib/gcc/arm-none-eabi/4.8.3/../../../../arm-none-eabi/lib/armv7-m\libg.a(lib_a-vfiprintf.o)
 .rodata.str1.4
                0x000858d4       0x30 c:/users/nova/appdata/local/arduino15/packages/arduino/tools/arm-none-eabi-gcc/4.8.3-2014q1/bin/../lib/gcc/arm-none-eabi/4.8.3/../../../../arm-none-eabi/lib/armv7-m\libg.a(lib_a-vfiprintf.o)
 .rodata.zeroes.6718
                0x00085904       0x10 c:/users/nova/appdata/local/arduino15/packages/arduino/tools/arm-none-eabi-gcc/4.8.3-2014q1/bin/../lib/gcc/arm-none-eabi/4.8.3/../../../../arm-none-eabi/lib/armv7-m\libg.a(lib_a-vfiprintf.o)
 *(.ARM.extab* .gnu.linkonce.armextab.*)
                0x00085914                . = ALIGN (0x4)
 *(.init)
 .init          0x00085914        0x4 c:/users/nova/appdata/local/arduino15/packages/arduino/tools/arm-none-eabi-gcc/4.8.3-2014q1/bin/../lib/gcc/arm-none-eabi/4.8.3/armv7-m/crti.o
                0x00085914                _init
 .init          0x00085918        0x8 c:/users/nova/appdata/local/arduino15/packages/arduino/tools/arm-none-eabi-gcc/4.8.3-2014q1/bin/../lib/gcc/arm-none-eabi/4.8.3/armv7-m/crtn.o
                0x00085920                . = ALIGN (0x4)
                0x00085920                __preinit_array_start = .
 *(.preinit_array)
                0x00085920                __preinit_array_end = .
                0x00085920                . = ALIGN (0x4)
                0x00085920                __init_array_start = .
 *(SORT(.init_array.*))
 .init_array.00000
                0x00085920        0x4 c:/users/nova/appdata/local/arduino15/packages/arduino/tools/arm-none-eabi-gcc/4.8.3-2014q1/bin/../lib/gcc/arm-none-eabi/4.8.3/../../../../arm-none-eabi/lib/armv7-m\libg.a(lib_a-__call_atexit.o)
 *(.init_array)
 .init_array    0x00085924        0x4 c:/users/nova/appdata/local/arduino15/packages/arduino/tools/arm-none-eabi-gcc/4.8.3-2014q1/bin/../lib/gcc/arm-none-eabi/4.8.3/armv7-m/crtbegin.o
 .init_array    0x00085928        0x4 C:\Users\nova\AppData\Local\Temp\VMBuilds\vs_impact02\arduino_due_x_dbg\Debug\VM_DBG\VM_DBG.cpp.o
 .init_array    0x0008592c        0x4 C:\Users\nova\AppData\Local\Temp\VMBuilds\vs_impact02\arduino_due_x_dbg\Debug\variant\variant.cpp.o
 .init_array    0x00085930        0x4 C:\Users\nova\AppData\Local\Temp\VMBuilds\vs_impact02\arduino_due_x_dbg\Debug/core.a(USBCore.cpp.o)
 .init_array    0x00085934        0x4 C:\Users\nova\AppData\Local\Temp\VMBuilds\vs_impact02\arduino_due_x_dbg\Debug/core.a(CDC.cpp.o)
                0x00085938                __init_array_end = .
                0x00085938                . = ALIGN (0x4)
 *crtbegin.o(.ctors)
 *(EXCLUDE_FILE(*crtend.o) .ctors)
 *(SORT(.ctors.*))
 *crtend.o(.ctors)
                0x00085938                . = ALIGN (0x4)
 *(.fini)
 .fini          0x00085938        0x4 c:/users/nova/appdata/local/arduino15/packages/arduino/tools/arm-none-eabi-gcc/4.8.3-2014q1/bin/../lib/gcc/arm-none-eabi/4.8.3/armv7-m/crti.o
                0x00085938                _fini
 .fini          0x0008593c        0x8 c:/users/nova/appdata/local/arduino15/packages/arduino/tools/arm-none-eabi-gcc/4.8.3-2014q1/bin/../lib/gcc/arm-none-eabi/4.8.3/armv7-m/crtn.o
                0x00085944                . = ALIGN (0x4)
                0x00085944                __fini_array_start = .
 *(.fini_array)
 .fini_array    0x00085944        0x4 c:/users/nova/appdata/local/arduino15/packages/arduino/tools/arm-none-eabi-gcc/4.8.3-2014q1/bin/../lib/gcc/arm-none-eabi/4.8.3/armv7-m/crtbegin.o
 *(SORT(.fini_array.*))
                0x00085948                __fini_array_end = .
 *crtbegin.o(.dtors)
 *(EXCLUDE_FILE(*crtend.o) .dtors)
 *(SORT(.dtors.*))
 *crtend.o(.dtors)
                0x00085948                . = ALIGN (0x4)
                0x00085948                _efixed = .
                0x00085948                PROVIDE (__exidx_start, .)

.vfp11_veneer   0x00085948        0x0
 .vfp11_veneer  0x00000000        0x0 linker stubs

.v4_bx          0x00085948        0x0
 .v4_bx         0x00000000        0x0 linker stubs

.iplt           0x00085948        0x0
 .iplt          0x00000000        0x0 c:/users/nova/appdata/local/arduino15/packages/arduino/tools/arm-none-eabi-gcc/4.8.3-2014q1/bin/../lib/gcc/arm-none-eabi/4.8.3/armv7-m/crtbegin.o

.ARM.exidx      0x00085948        0x8
 *(.ARM.exidx* .gnu.linkonce.armexidx.*)
 .ARM.exidx     0x00085948        0x8 c:/users/nova/appdata/local/arduino15/packages/arduino/tools/arm-none-eabi-gcc/4.8.3-2014q1/bin/../lib/gcc/arm-none-eabi/4.8.3/armv7-m\libgcc.a(_divdi3.o)
 .ARM.exidx     0x00085950        0x0 c:/users/nova/appdata/local/arduino15/packages/arduino/tools/arm-none-eabi-gcc/4.8.3-2014q1/bin/../lib/gcc/arm-none-eabi/4.8.3/armv7-m\libgcc.a(_udivdi3.o)
                                  0x8 (size before relaxing)
                0x00085950                PROVIDE (__exidx_end, .)

.eh_frame       0x00085950        0x0
 .eh_frame      0x00085950        0x0 c:/users/nova/appdata/local/arduino15/packages/arduino/tools/arm-none-eabi-gcc/4.8.3-2014q1/bin/../lib/gcc/arm-none-eabi/4.8.3/armv7-m/crtbegin.o

.rel.dyn        0x00085950        0x0
 .rel.iplt      0x00000000        0x0 c:/users/nova/appdata/local/arduino15/packages/arduino/tools/arm-none-eabi-gcc/4.8.3-2014q1/bin/../lib/gcc/arm-none-eabi/4.8.3/armv7-m/crtbegin.o

.jcr            0x00085950        0x0
 .jcr           0x00085950        0x0 c:/users/nova/appdata/local/arduino15/packages/arduino/tools/arm-none-eabi-gcc/4.8.3-2014q1/bin/../lib/gcc/arm-none-eabi/4.8.3/armv7-m/crtbegin.o

.igot.plt       0x00085950        0x0
 .igot.plt      0x00000000        0x0 c:/users/nova/appdata/local/arduino15/packages/arduino/tools/arm-none-eabi-gcc/4.8.3-2014q1/bin/../lib/gcc/arm-none-eabi/4.8.3/armv7-m/crtbegin.o
                0x00085950                . = ALIGN (0x4)
                0x00085950                _etext = .

.relocate       0x20070000      0x8d4 load address 0x00085950
                0x20070000                . = ALIGN (0x4)
                0x20070000                _srelocate = .
 *(.ramfunc .ramfunc.*)
 .ramfunc       0x20070000       0x2c C:\Users\nova\AppData\Local\Temp\VMBuilds\vs_impact02\arduino_due_x_dbg\Debug/core.a(Reset.cpp.o)
                0x20070000                banzai
 *(.data .data.*)
 .data.SystemCoreClock
                0x2007002c        0x4 C:\Users\nova\AppData\Local\arduino15\packages\arduino\hardware\sam\1.6.9\variants\arduino_due_x/libsam_sam3x8e_gcc_rel.a(system_sam3xa.o)
                0x2007002c                SystemCoreClock
 .data._ZL5ticks
                0x20070030        0x4 C:\Users\nova\AppData\Local\Temp\VMBuilds\vs_impact02\arduino_due_x_dbg\Debug/core.a(Reset.cpp.o)
 .data.EndPoints
                0x20070034       0x28 C:\Users\nova\AppData\Local\Temp\VMBuilds\vs_impact02\arduino_due_x_dbg\Debug/core.a(USBCore.cpp.o)
                0x20070034                EndPoints
 .data._ZL10breakValue
                0x2007005c        0x4 C:\Users\nova\AppData\Local\Temp\VMBuilds\vs_impact02\arduino_due_x_dbg\Debug/core.a(CDC.cpp.o)
 .data._ZL12_usbLineInfo
                0x20070060        0x8 C:\Users\nova\AppData\Local\Temp\VMBuilds\vs_impact02\arduino_due_x_dbg\Debug/core.a(CDC.cpp.o)
 .data.g_interrupt_enabled
                0x20070068        0x4 C:\Users\nova\AppData\Local\arduino15\packages\arduino\hardware\sam\1.6.9\variants\arduino_due_x/libsam_sam3x8e_gcc_rel.a(interrupt_sam_nvic.o)
                0x20070068                g_interrupt_enabled
 *fill*         0x2007006c        0x4 
 .data.impure_data
                0x20070070      0x428 c:/users/nova/appdata/local/arduino15/packages/arduino/tools/arm-none-eabi-gcc/4.8.3-2014q1/bin/../lib/gcc/arm-none-eabi/4.8.3/../../../../arm-none-eabi/lib/armv7-m\libg.a(lib_a-impure.o)
 .data._impure_ptr
                0x20070498        0x4 c:/users/nova/appdata/local/arduino15/packages/arduino/tools/arm-none-eabi-gcc/4.8.3-2014q1/bin/../lib/gcc/arm-none-eabi/4.8.3/../../../../arm-none-eabi/lib/armv7-m\libg.a(lib_a-impure.o)
                0x20070498                _impure_ptr
 .data.lc_ctype_charset
                0x2007049c       0x20 c:/users/nova/appdata/local/arduino15/packages/arduino/tools/arm-none-eabi-gcc/4.8.3-2014q1/bin/../lib/gcc/arm-none-eabi/4.8.3/../../../../arm-none-eabi/lib/armv7-m\libg.a(lib_a-locale.o)
 .data.__mb_cur_max
                0x200704bc        0x4 c:/users/nova/appdata/local/arduino15/packages/arduino/tools/arm-none-eabi-gcc/4.8.3-2014q1/bin/../lib/gcc/arm-none-eabi/4.8.3/../../../../arm-none-eabi/lib/armv7-m\libg.a(lib_a-locale.o)
                0x200704bc                __mb_cur_max
 .data.__malloc_av_
                0x200704c0      0x408 c:/users/nova/appdata/local/arduino15/packages/arduino/tools/arm-none-eabi-gcc/4.8.3-2014q1/bin/../lib/gcc/arm-none-eabi/4.8.3/../../../../arm-none-eabi/lib/armv7-m\libg.a(lib_a-mallocr.o)
                0x200704c0                __malloc_av_
 .data.__malloc_trim_threshold
                0x200708c8        0x4 c:/users/nova/appdata/local/arduino15/packages/arduino/tools/arm-none-eabi-gcc/4.8.3-2014q1/bin/../lib/gcc/arm-none-eabi/4.8.3/../../../../arm-none-eabi/lib/armv7-m\libg.a(lib_a-mallocr.o)
                0x200708c8                __malloc_trim_threshold
 .data.__malloc_sbrk_base
                0x200708cc        0x4 c:/users/nova/appdata/local/arduino15/packages/arduino/tools/arm-none-eabi-gcc/4.8.3-2014q1/bin/../lib/gcc/arm-none-eabi/4.8.3/../../../../arm-none-eabi/lib/armv7-m\libg.a(lib_a-mallocr.o)
                0x200708cc                __malloc_sbrk_base
 .data.__wctomb
                0x200708d0        0x4 c:/users/nova/appdata/local/arduino15/packages/arduino/tools/arm-none-eabi-gcc/4.8.3-2014q1/bin/../lib/gcc/arm-none-eabi/4.8.3/../../../../arm-none-eabi/lib/armv7-m\libg.a(lib_a-wctomb_r.o)
                0x200708d0                __wctomb
                0x200708d4                . = ALIGN (0x4)
                0x200708d4                _erelocate = .

.bss            0x200708d4      0x87c load address 0x00086224
                0x200708d4                . = ALIGN (0x4)
                0x200708d4                _sbss = .
                0x200708d4                _szero = .
 *(.bss .bss.*)
 .bss           0x200708d4       0x1c c:/users/nova/appdata/local/arduino15/packages/arduino/tools/arm-none-eabi-gcc/4.8.3-2014q1/bin/../lib/gcc/arm-none-eabi/4.8.3/armv7-m/crtbegin.o
 .bss.__VisualMicro_DEBUG_1_HITCOUNTER__
                0x200708f0        0x4 C:\Users\nova\AppData\Local\Temp\VMBuilds\vs_impact02\arduino_due_x_dbg\Debug\vs_impact02.cpp.o
                0x200708f0                __VisualMicro_DEBUG_1_HITCOUNTER__
 .bss.__VMicro_GLastMillis1__
                0x200708f4        0x4 C:\Users\nova\AppData\Local\Temp\VMBuilds\vs_impact02\arduino_due_x_dbg\Debug\vs_impact02.cpp.o
                0x200708f4                __VMicro_GLastMillis1__
 .bss.MicroDebug
                0x200708f8       0x4c C:\Users\nova\AppData\Local\Temp\VMBuilds\vs_impact02\arduino_due_x_dbg\Debug\VM_DBG\VM_DBG.cpp.o
                0x200708f8                MicroDebug
 .bss.tx_buffer2
                0x20070944       0x88 C:\Users\nova\AppData\Local\Temp\VMBuilds\vs_impact02\arduino_due_x_dbg\Debug\variant\variant.cpp.o
                0x20070944                tx_buffer2
 .bss.tx_buffer1
                0x200709cc       0x88 C:\Users\nova\AppData\Local\Temp\VMBuilds\vs_impact02\arduino_due_x_dbg\Debug\variant\variant.cpp.o
                0x200709cc                tx_buffer1
 .bss.Serial    0x20070a54       0x24 C:\Users\nova\AppData\Local\Temp\VMBuilds\vs_impact02\arduino_due_x_dbg\Debug\variant\variant.cpp.o
                0x20070a54                Serial
 .bss.rx_buffer1
                0x20070a78       0x88 C:\Users\nova\AppData\Local\Temp\VMBuilds\vs_impact02\arduino_due_x_dbg\Debug\variant\variant.cpp.o
                0x20070a78                rx_buffer1
 .bss.Serial1   0x20070b00       0x28 C:\Users\nova\AppData\Local\Temp\VMBuilds\vs_impact02\arduino_due_x_dbg\Debug\variant\variant.cpp.o
                0x20070b00                Serial1
 .bss.Serial2   0x20070b28       0x28 C:\Users\nova\AppData\Local\Temp\VMBuilds\vs_impact02\arduino_due_x_dbg\Debug\variant\variant.cpp.o
                0x20070b28                Serial2
 .bss.Serial3   0x20070b50       0x28 C:\Users\nova\AppData\Local\Temp\VMBuilds\vs_impact02\arduino_due_x_dbg\Debug\variant\variant.cpp.o
                0x20070b50                Serial3
 .bss.tx_buffer3
                0x20070b78       0x88 C:\Users\nova\AppData\Local\Temp\VMBuilds\vs_impact02\arduino_due_x_dbg\Debug\variant\variant.cpp.o
                0x20070b78                tx_buffer3
 .bss.tx_buffer4
                0x20070c00       0x88 C:\Users\nova\AppData\Local\Temp\VMBuilds\vs_impact02\arduino_due_x_dbg\Debug\variant\variant.cpp.o
                0x20070c00                tx_buffer4
 .bss.g_pinStatus
                0x20070c88       0x4f C:\Users\nova\AppData\Local\Temp\VMBuilds\vs_impact02\arduino_due_x_dbg\Debug\variant\variant.cpp.o
                0x20070c88                g_pinStatus
 *fill*         0x20070cd7        0x1 
 .bss.rx_buffer2
                0x20070cd8       0x88 C:\Users\nova\AppData\Local\Temp\VMBuilds\vs_impact02\arduino_due_x_dbg\Debug\variant\variant.cpp.o
                0x20070cd8                rx_buffer2
 .bss.rx_buffer3
                0x20070d60       0x88 C:\Users\nova\AppData\Local\Temp\VMBuilds\vs_impact02\arduino_due_x_dbg\Debug\variant\variant.cpp.o
                0x20070d60                rx_buffer3
 .bss.rx_buffer4
                0x20070de8       0x88 C:\Users\nova\AppData\Local\Temp\VMBuilds\vs_impact02\arduino_due_x_dbg\Debug\variant\variant.cpp.o
                0x20070de8                rx_buffer4
 .bss.gpf_isr   0x20070e70        0x4 C:\Users\nova\AppData\Local\arduino15\packages\arduino\hardware\sam\1.6.9\variants\arduino_due_x/libsam_sam3x8e_gcc_rel.a(uotghs.o)
                0x20070e70                gpf_isr
 .bss.heap.6420
                0x20070e74        0x4 C:\Users\nova\AppData\Local\Temp\VMBuilds\vs_impact02\arduino_due_x_dbg\Debug/core.a(syscalls_sam3.c.o)
 .bss._cmark    0x20070e78        0x2 C:\Users\nova\AppData\Local\Temp\VMBuilds\vs_impact02\arduino_due_x_dbg\Debug/core.a(USBCore.cpp.o)
                0x20070e78                _cmark
 .bss._ZL14isEndpointHalt
                0x20070e7a        0x1 C:\Users\nova\AppData\Local\Temp\VMBuilds\vs_impact02\arduino_due_x_dbg\Debug/core.a(USBCore.cpp.o)
 *fill*         0x20070e7b        0x1 
 .bss._cdcComposite
                0x20070e7c        0x4 C:\Users\nova\AppData\Local\Temp\VMBuilds\vs_impact02\arduino_due_x_dbg\Debug/core.a(USBCore.cpp.o)
                0x20070e7c                _cdcComposite
 .bss._ZL21isRemoteWakeUpEnabled
                0x20070e80        0x1 C:\Users\nova\AppData\Local\Temp\VMBuilds\vs_impact02\arduino_due_x_dbg\Debug/core.a(USBCore.cpp.o)
 *fill*         0x20070e81        0x3 
 .bss._usbInitialized
                0x20070e84        0x4 C:\Users\nova\AppData\Local\Temp\VMBuilds\vs_impact02\arduino_due_x_dbg\Debug/core.a(USBCore.cpp.o)
                0x20070e84                _usbInitialized
 .bss.USBDevice
                0x20070e88        0x1 C:\Users\nova\AppData\Local\Temp\VMBuilds\vs_impact02\arduino_due_x_dbg\Debug/core.a(USBCore.cpp.o)
                0x20070e88                USBDevice
 *fill*         0x20070e89        0x3 
 .bss._usbSetInterface
                0x20070e8c        0x4 C:\Users\nova\AppData\Local\Temp\VMBuilds\vs_impact02\arduino_due_x_dbg\Debug/core.a(USBCore.cpp.o)
                0x20070e8c                _usbSetInterface
 .bss._cend     0x20070e90        0x2 C:\Users\nova\AppData\Local\Temp\VMBuilds\vs_impact02\arduino_due_x_dbg\Debug/core.a(USBCore.cpp.o)
                0x20070e90                _cend
 *fill*         0x20070e92        0x2 
 .bss._usbConfiguration
                0x20070e94        0x4 C:\Users\nova\AppData\Local\Temp\VMBuilds\vs_impact02\arduino_due_x_dbg\Debug/core.a(USBCore.cpp.o)
                0x20070e94                _usbConfiguration
 .bss.cdc_rx_buffer
                0x20070e98      0x208 C:\Users\nova\AppData\Local\Temp\VMBuilds\vs_impact02\arduino_due_x_dbg\Debug/core.a(CDC.cpp.o)
                0x20070e98                cdc_rx_buffer
 .bss._ZZN7Serial_6acceptEvE5guard
                0x200710a0        0x4 C:\Users\nova\AppData\Local\Temp\VMBuilds\vs_impact02\arduino_due_x_dbg\Debug/core.a(CDC.cpp.o)
 .bss.SerialUSB
                0x200710a4       0x14 C:\Users\nova\AppData\Local\Temp\VMBuilds\vs_impact02\arduino_due_x_dbg\Debug/core.a(CDC.cpp.o)
                0x200710a4                SerialUSB
 .bss._ZZ12PluggableUSBvE3obj
                0x200710b8        0x8 C:\Users\nova\AppData\Local\Temp\VMBuilds\vs_impact02\arduino_due_x_dbg\Debug/core.a(PluggableUSB.cpp.o)
 .bss._ZGVZ12PluggableUSBvE3obj
                0x200710c0        0x4 C:\Users\nova\AppData\Local\Temp\VMBuilds\vs_impact02\arduino_due_x_dbg\Debug/core.a(PluggableUSB.cpp.o)
 .bss._dwTickCount
                0x200710c4        0x4 C:\Users\nova\AppData\Local\arduino15\packages\arduino\hardware\sam\1.6.9\variants\arduino_due_x/libsam_sam3x8e_gcc_rel.a(timetick.o)
 .bss.ul_recv_fifo_ptr
                0x200710c8       0x28 C:\Users\nova\AppData\Local\arduino15\packages\arduino\hardware\sam\1.6.9\variants\arduino_due_x/libsam_sam3x8e_gcc_rel.a(uotghs_device.o)
 .bss.ul_send_fifo_ptr
                0x200710f0       0x28 C:\Users\nova\AppData\Local\arduino15\packages\arduino\hardware\sam\1.6.9\variants\arduino_due_x/libsam_sam3x8e_gcc_rel.a(uotghs_device.o)
 .bss.__malloc_max_total_mem
                0x20071118        0x4 c:/users/nova/appdata/local/arduino15/packages/arduino/tools/arm-none-eabi-gcc/4.8.3-2014q1/bin/../lib/gcc/arm-none-eabi/4.8.3/../../../../arm-none-eabi/lib/armv7-m\libg.a(lib_a-mallocr.o)
                0x20071118                __malloc_max_total_mem
 .bss.__malloc_max_sbrked_mem
                0x2007111c        0x4 c:/users/nova/appdata/local/arduino15/packages/arduino/tools/arm-none-eabi-gcc/4.8.3-2014q1/bin/../lib/gcc/arm-none-eabi/4.8.3/../../../../arm-none-eabi/lib/armv7-m\libg.a(lib_a-mallocr.o)
                0x2007111c                __malloc_max_sbrked_mem
 .bss.__malloc_top_pad
                0x20071120        0x4 c:/users/nova/appdata/local/arduino15/packages/arduino/tools/arm-none-eabi-gcc/4.8.3-2014q1/bin/../lib/gcc/arm-none-eabi/4.8.3/../../../../arm-none-eabi/lib/armv7-m\libg.a(lib_a-mallocr.o)
                0x20071120                __malloc_top_pad
 .bss.__malloc_current_mallinfo
                0x20071124       0x28 c:/users/nova/appdata/local/arduino15/packages/arduino/tools/arm-none-eabi-gcc/4.8.3-2014q1/bin/../lib/gcc/arm-none-eabi/4.8.3/../../../../arm-none-eabi/lib/armv7-m\libg.a(lib_a-mallocr.o)
                0x20071124                __malloc_current_mallinfo
 *(COMMON)
 COMMON         0x2007114c        0x4 c:/users/nova/appdata/local/arduino15/packages/arduino/tools/arm-none-eabi-gcc/4.8.3-2014q1/bin/../lib/gcc/arm-none-eabi/4.8.3/../../../../arm-none-eabi/lib/armv7-m\libg.a(lib_a-reent.o)
                0x2007114c                errno
                0x20071150                . = ALIGN (0x4)
                0x20071150                _ebss = .
                0x20071150                _ezero = .
                0x20071150                . = ALIGN (0x4)
                0x20071150                _end = .

.stack_dummy    0x20071150        0x0
 *(.stack*)
                0x20088000                __StackTop = (ORIGIN (ram) + 0x18000)
                0x20088000                __StackLimit = (__StackTop - SIZEOF (.stack_dummy))
                0x20088000                PROVIDE (_sstack, __StackLimit)
                0x20088000                PROVIDE (_estack, __StackTop)
OUTPUT(C:\Users\nova\AppData\Local\Temp\VMBuilds\vs_impact02\arduino_due_x_dbg\Debug/vs_impact02.ino.elf elf32-littlearm)

.ARM.attributes
                0x00000000       0x29
 .ARM.attributes
                0x00000000       0x1d c:/users/nova/appdata/local/arduino15/packages/arduino/tools/arm-none-eabi-gcc/4.8.3-2014q1/bin/../lib/gcc/arm-none-eabi/4.8.3/armv7-m/crti.o
 .ARM.attributes
                0x0000001d       0x2d c:/users/nova/appdata/local/arduino15/packages/arduino/tools/arm-none-eabi-gcc/4.8.3-2014q1/bin/../lib/gcc/arm-none-eabi/4.8.3/armv7-m/crtbegin.o
 .ARM.attributes
                0x0000004a       0x33 C:\Users\nova\AppData\Local\Temp\VMBuilds\vs_impact02\arduino_due_x_dbg\Debug\vs_impact02.cpp.o
 .ARM.attributes
                0x0000007d       0x33 C:\Users\nova\AppData\Local\Temp\VMBuilds\vs_impact02\arduino_due_x_dbg\Debug\VM_DBG\VM_DBG.cpp.o
 .ARM.attributes
                0x000000b0       0x33 C:\Users\nova\AppData\Local\Temp\VMBuilds\vs_impact02\arduino_due_x_dbg\Debug\variant\variant.cpp.o
 .ARM.attributes
                0x000000e3       0x33 C:\Users\nova\AppData\Local\arduino15\packages\arduino\hardware\sam\1.6.9\variants\arduino_due_x/libsam_sam3x8e_gcc_rel.a(pio.o)
 .ARM.attributes
                0x00000116       0x33 C:\Users\nova\AppData\Local\arduino15\packages\arduino\hardware\sam\1.6.9\variants\arduino_due_x/libsam_sam3x8e_gcc_rel.a(pmc.o)
 .ARM.attributes
                0x00000149       0x33 C:\Users\nova\AppData\Local\arduino15\packages\arduino\hardware\sam\1.6.9\variants\arduino_due_x/libsam_sam3x8e_gcc_rel.a(system_sam3xa.o)
 .ARM.attributes
                0x0000017c       0x33 C:\Users\nova\AppData\Local\arduino15\packages\arduino\hardware\sam\1.6.9\variants\arduino_due_x/libsam_sam3x8e_gcc_rel.a(startup_sam3xa.o)
 .ARM.attributes
                0x000001af       0x33 C:\Users\nova\AppData\Local\arduino15\packages\arduino\hardware\sam\1.6.9\variants\arduino_due_x/libsam_sam3x8e_gcc_rel.a(adc.o)
 .ARM.attributes
                0x000001e2       0x33 C:\Users\nova\AppData\Local\arduino15\packages\arduino\hardware\sam\1.6.9\variants\arduino_due_x/libsam_sam3x8e_gcc_rel.a(uotghs.o)
 .ARM.attributes
                0x00000215       0x33 C:\Users\nova\AppData\Local\Temp\VMBuilds\vs_impact02\arduino_due_x_dbg\Debug/core.a(cortex_handlers.c.o)
 .ARM.attributes
                0x00000248       0x33 C:\Users\nova\AppData\Local\Temp\VMBuilds\vs_impact02\arduino_due_x_dbg\Debug/core.a(hooks.c.o)
 .ARM.attributes
                0x0000027b       0x33 C:\Users\nova\AppData\Local\Temp\VMBuilds\vs_impact02\arduino_due_x_dbg\Debug/core.a(syscalls_sam3.c.o)
 .ARM.attributes
                0x000002ae       0x33 C:\Users\nova\AppData\Local\Temp\VMBuilds\vs_impact02\arduino_due_x_dbg\Debug/core.a(wiring.c.o)
 .ARM.attributes
                0x000002e1       0x33 C:\Users\nova\AppData\Local\Temp\VMBuilds\vs_impact02\arduino_due_x_dbg\Debug/core.a(wiring_analog.c.o)
 .ARM.attributes
                0x00000314       0x33 C:\Users\nova\AppData\Local\Temp\VMBuilds\vs_impact02\arduino_due_x_dbg\Debug/core.a(wiring_digital.c.o)
 .ARM.attributes
                0x00000347       0x33 C:\Users\nova\AppData\Local\Temp\VMBuilds\vs_impact02\arduino_due_x_dbg\Debug/core.a(main.cpp.o)
 .ARM.attributes
                0x0000037a       0x33 C:\Users\nova\AppData\Local\Temp\VMBuilds\vs_impact02\arduino_due_x_dbg\Debug/core.a(Print.cpp.o)
 .ARM.attributes
                0x000003ad       0x33 C:\Users\nova\AppData\Local\Temp\VMBuilds\vs_impact02\arduino_due_x_dbg\Debug/core.a(Reset.cpp.o)
 .ARM.attributes
                0x000003e0       0x33 C:\Users\nova\AppData\Local\Temp\VMBuilds\vs_impact02\arduino_due_x_dbg\Debug/core.a(RingBuffer.cpp.o)
 .ARM.attributes
                0x00000413       0x33 C:\Users\nova\AppData\Local\Temp\VMBuilds\vs_impact02\arduino_due_x_dbg\Debug/core.a(UARTClass.cpp.o)
 .ARM.attributes
                0x00000446       0x33 C:\Users\nova\AppData\Local\Temp\VMBuilds\vs_impact02\arduino_due_x_dbg\Debug/core.a(USARTClass.cpp.o)
 .ARM.attributes
                0x00000479       0x33 C:\Users\nova\AppData\Local\Temp\VMBuilds\vs_impact02\arduino_due_x_dbg\Debug/core.a(watchdog.cpp.o)
 .ARM.attributes
                0x000004ac       0x33 C:\Users\nova\AppData\Local\Temp\VMBuilds\vs_impact02\arduino_due_x_dbg\Debug/core.a(USBCore.cpp.o)
 .ARM.attributes
                0x000004df       0x33 C:\Users\nova\AppData\Local\Temp\VMBuilds\vs_impact02\arduino_due_x_dbg\Debug/core.a(CDC.cpp.o)
 .ARM.attributes
                0x00000512       0x33 C:\Users\nova\AppData\Local\Temp\VMBuilds\vs_impact02\arduino_due_x_dbg\Debug/core.a(PluggableUSB.cpp.o)
 .ARM.attributes
                0x00000545       0x33 C:\Users\nova\AppData\Local\arduino15\packages\arduino\hardware\sam\1.6.9\variants\arduino_due_x/libsam_sam3x8e_gcc_rel.a(timetick.o)
 .ARM.attributes
                0x00000578       0x33 C:\Users\nova\AppData\Local\arduino15\packages\arduino\hardware\sam\1.6.9\variants\arduino_due_x/libsam_sam3x8e_gcc_rel.a(wdt.o)
 .ARM.attributes
                0x000005ab       0x33 C:\Users\nova\AppData\Local\arduino15\packages\arduino\hardware\sam\1.6.9\variants\arduino_due_x/libsam_sam3x8e_gcc_rel.a(interrupt_sam_nvic.o)
 .ARM.attributes
                0x000005de       0x33 C:\Users\nova\AppData\Local\arduino15\packages\arduino\hardware\sam\1.6.9\variants\arduino_due_x/libsam_sam3x8e_gcc_rel.a(uotghs_device.o)
 .ARM.attributes
                0x00000611       0x2d c:/users/nova/appdata/local/arduino15/packages/arduino/tools/arm-none-eabi-gcc/4.8.3-2014q1/bin/../lib/gcc/arm-none-eabi/4.8.3/../../../../arm-none-eabi/lib/armv7-m\libg.a(lib_a-impure.o)
 .ARM.attributes
                0x0000063e       0x2d c:/users/nova/appdata/local/arduino15/packages/arduino/tools/arm-none-eabi-gcc/4.8.3-2014q1/bin/../lib/gcc/arm-none-eabi/4.8.3/../../../../arm-none-eabi/lib/armv7-m\libg.a(lib_a-init.o)
 .ARM.attributes
                0x0000066b       0x2d c:/users/nova/appdata/local/arduino15/packages/arduino/tools/arm-none-eabi-gcc/4.8.3-2014q1/bin/../lib/gcc/arm-none-eabi/4.8.3/../../../../arm-none-eabi/lib/armv7-m\libg.a(lib_a-iprintf.o)
 .ARM.attributes
                0x00000698       0x2d c:/users/nova/appdata/local/arduino15/packages/arduino/tools/arm-none-eabi-gcc/4.8.3-2014q1/bin/../lib/gcc/arm-none-eabi/4.8.3/../../../../arm-none-eabi/lib/armv7-m\libg.a(lib_a-memset.o)
 .ARM.attributes
                0x000006c5       0x2d c:/users/nova/appdata/local/arduino15/packages/arduino/tools/arm-none-eabi-gcc/4.8.3-2014q1/bin/../lib/gcc/arm-none-eabi/4.8.3/../../../../arm-none-eabi/lib/armv7-m\libg.a(lib_a-strlen.o)
 .ARM.attributes
                0x000006f2       0x2d c:/users/nova/appdata/local/arduino15/packages/arduino/tools/arm-none-eabi-gcc/4.8.3-2014q1/bin/../lib/gcc/arm-none-eabi/4.8.3/../../../../arm-none-eabi/lib/armv7-m\libg.a(lib_a-syskill.o)
 .ARM.attributes
                0x0000071f       0x2d c:/users/nova/appdata/local/arduino15/packages/arduino/tools/arm-none-eabi-gcc/4.8.3-2014q1/bin/../lib/gcc/arm-none-eabi/4.8.3/../../../../arm-none-eabi/lib/armv7-m\libg.a(lib_a-vfiprintf.o)
 .ARM.attributes
                0x0000074c       0x2d c:/users/nova/appdata/local/arduino15/packages/arduino/tools/arm-none-eabi-gcc/4.8.3-2014q1/bin/../lib/gcc/arm-none-eabi/4.8.3/../../../../arm-none-eabi/lib/armv7-m\libg.a(lib_a-wsetup.o)
 .ARM.attributes
                0x00000779       0x2d c:/users/nova/appdata/local/arduino15/packages/arduino/tools/arm-none-eabi-gcc/4.8.3-2014q1/bin/../lib/gcc/arm-none-eabi/4.8.3/../../../../arm-none-eabi/lib/armv7-m\libg.a(lib_a-__call_atexit.o)
 .ARM.attributes
                0x000007a6       0x2d c:/users/nova/appdata/local/arduino15/packages/arduino/tools/arm-none-eabi-gcc/4.8.3-2014q1/bin/../lib/gcc/arm-none-eabi/4.8.3/../../../../arm-none-eabi/lib/armv7-m\libg.a(lib_a-atexit.o)
 .ARM.attributes
                0x000007d3       0x2d c:/users/nova/appdata/local/arduino15/packages/arduino/tools/arm-none-eabi-gcc/4.8.3-2014q1/bin/../lib/gcc/arm-none-eabi/4.8.3/../../../../arm-none-eabi/lib/armv7-m\libg.a(lib_a-fflush.o)
 .ARM.attributes
                0x00000800       0x2d c:/users/nova/appdata/local/arduino15/packages/arduino/tools/arm-none-eabi-gcc/4.8.3-2014q1/bin/../lib/gcc/arm-none-eabi/4.8.3/../../../../arm-none-eabi/lib/armv7-m\libg.a(lib_a-findfp.o)
 .ARM.attributes
                0x0000082d       0x2d c:/users/nova/appdata/local/arduino15/packages/arduino/tools/arm-none-eabi-gcc/4.8.3-2014q1/bin/../lib/gcc/arm-none-eabi/4.8.3/../../../../arm-none-eabi/lib/armv7-m\libg.a(lib_a-fini.o)
 .ARM.attributes
                0x0000085a       0x2d c:/users/nova/appdata/local/arduino15/packages/arduino/tools/arm-none-eabi-gcc/4.8.3-2014q1/bin/../lib/gcc/arm-none-eabi/4.8.3/../../../../arm-none-eabi/lib/armv7-m\libg.a(lib_a-fputwc.o)
 .ARM.attributes
                0x00000887       0x2d c:/users/nova/appdata/local/arduino15/packages/arduino/tools/arm-none-eabi-gcc/4.8.3-2014q1/bin/../lib/gcc/arm-none-eabi/4.8.3/../../../../arm-none-eabi/lib/armv7-m\libg.a(lib_a-freer.o)
 .ARM.attributes
                0x000008b4       0x2d c:/users/nova/appdata/local/arduino15/packages/arduino/tools/arm-none-eabi-gcc/4.8.3-2014q1/bin/../lib/gcc/arm-none-eabi/4.8.3/../../../../arm-none-eabi/lib/armv7-m\libg.a(lib_a-fvwrite.o)
 .ARM.attributes
                0x000008e1       0x2d c:/users/nova/appdata/local/arduino15/packages/arduino/tools/arm-none-eabi-gcc/4.8.3-2014q1/bin/../lib/gcc/arm-none-eabi/4.8.3/../../../../arm-none-eabi/lib/armv7-m\libg.a(lib_a-fwalk.o)
 .ARM.attributes
                0x0000090e       0x2d c:/users/nova/appdata/local/arduino15/packages/arduino/tools/arm-none-eabi-gcc/4.8.3-2014q1/bin/../lib/gcc/arm-none-eabi/4.8.3/../../../../arm-none-eabi/lib/armv7-m\libg.a(lib_a-locale.o)
 .ARM.attributes
                0x0000093b       0x2d c:/users/nova/appdata/local/arduino15/packages/arduino/tools/arm-none-eabi-gcc/4.8.3-2014q1/bin/../lib/gcc/arm-none-eabi/4.8.3/../../../../arm-none-eabi/lib/armv7-m\libg.a(lib_a-makebuf.o)
 .ARM.attributes
                0x00000968       0x2d c:/users/nova/appdata/local/arduino15/packages/arduino/tools/arm-none-eabi-gcc/4.8.3-2014q1/bin/../lib/gcc/arm-none-eabi/4.8.3/../../../../arm-none-eabi/lib/armv7-m\libg.a(lib_a-mallocr.o)
 .ARM.attributes
                0x00000995       0x2d c:/users/nova/appdata/local/arduino15/packages/arduino/tools/arm-none-eabi-gcc/4.8.3-2014q1/bin/../lib/gcc/arm-none-eabi/4.8.3/../../../../arm-none-eabi/lib/armv7-m\libg.a(lib_a-memchr-stub.o)
 .ARM.attributes
                0x000009c2       0x1b c:/users/nova/appdata/local/arduino15/packages/arduino/tools/arm-none-eabi-gcc/4.8.3-2014q1/bin/../lib/gcc/arm-none-eabi/4.8.3/../../../../arm-none-eabi/lib/armv7-m\libg.a(lib_a-memcpy.o)
 .ARM.attributes
                0x000009dd       0x2d c:/users/nova/appdata/local/arduino15/packages/arduino/tools/arm-none-eabi-gcc/4.8.3-2014q1/bin/../lib/gcc/arm-none-eabi/4.8.3/../../../../arm-none-eabi/lib/armv7-m\libg.a(lib_a-memmove.o)